Feb 16 23:08:20 qemu-vm kernel: Booting Linux on physical CPU 0x0000000000 [0x610f0000]
Feb 16 23:08:20 qemu-vm kernel: Linux version 6.11.0-14-generic (buildd@bos03-arm64-019) (aarch64-linux-gnu-gcc-14 (Ubuntu 14.2.0-4ubuntu2) 14.2.0, GNU ld (GNU Binutils for Ubuntu) 2.43.1) #15-Ubuntu SMP PREEMPT_DYNAMIC Fri Jan 10 23:05:39 UTC 2025 (Ubuntu 6.11.0-14.15-generic 6.11.0)
Feb 16 23:08:20 qemu-vm kernel: KASLR enabled
Feb 16 23:08:20 qemu-vm kernel: efi: EFI v2.7 by EDK II
Feb 16 23:08:20 qemu-vm kernel: efi: SMBIOS 3.0=0x23f810000 MEMATTR=0x23e7fe118 ACPI 2.0=0x23c150018 MOKvar=0x23c060000 INITRD=0x23c483a18 RNG=0x23c15e698 MEMRESERVE=0x23c483398 
Feb 16 23:08:20 qemu-vm kernel: random: crng init done
Feb 16 23:08:20 qemu-vm kernel: secureboot: Secure boot disabled
Feb 16 23:08:20 qemu-vm kernel: ACPI: Early table checksum verification disabled
Feb 16 23:08:20 qemu-vm kernel: ACPI: RSDP 0x000000023C150018 000024 (v02 BOCHS )
Feb 16 23:08:20 qemu-vm kernel: ACPI: XSDT 0x000000023C15FE98 00006C (v01 BOCHS  BXPC     00000001      01000013)
Feb 16 23:08:20 qemu-vm kernel: ACPI: FACP 0x000000023C15FA98 000114 (v06 BOCHS  BXPC     00000001 BXPC 00000001)
Feb 16 23:08:20 qemu-vm kernel: ACPI: DSDT 0x000000023C157518 001470 (v02 BOCHS  BXPC     00000001 BXPC 00000001)
Feb 16 23:08:20 qemu-vm kernel: ACPI: APIC 0x000000023C15FC18 00019C (v04 BOCHS  BXPC     00000001 BXPC 00000001)
Feb 16 23:08:20 qemu-vm kernel: ACPI: PPTT 0x000000023C15D898 000088 (v02 BOCHS  BXPC     00000001 BXPC 00000001)
Feb 16 23:08:20 qemu-vm kernel: ACPI: GTDT 0x000000023C15E818 000068 (v03 BOCHS  BXPC     00000001 BXPC 00000001)
Feb 16 23:08:20 qemu-vm kernel: ACPI: MCFG 0x000000023C15E918 00003C (v01 BOCHS  BXPC     00000001 BXPC 00000001)
Feb 16 23:08:20 qemu-vm kernel: ACPI: SPCR 0x000000023C15FF98 000050 (v02 BOCHS  BXPC     00000001 BXPC 00000001)
Feb 16 23:08:20 qemu-vm kernel: ACPI: DBG2 0x000000023C15E418 000057 (v00 BOCHS  BXPC     00000001 BXPC 00000001)
Feb 16 23:08:20 qemu-vm kernel: ACPI: IORT 0x000000023C15E718 000080 (v03 BOCHS  BXPC     00000001 BXPC 00000001)
Feb 16 23:08:20 qemu-vm kernel: ACPI: BGRT 0x000000023C15E498 000038 (v01 INTEL  EDK2     00000002      01000013)
Feb 16 23:08:20 qemu-vm kernel: ACPI: SPCR: console: pl011,mmio32,0x9000000,9600
Feb 16 23:08:20 qemu-vm kernel: ACPI: Use ACPI SPCR as default console: Yes
Feb 16 23:08:20 qemu-vm kernel: NUMA: Faking a node at [mem 0x0000000040000000-0x000000023fffffff]
Feb 16 23:08:20 qemu-vm kernel: NUMA: NODE_DATA [mem 0x23ee545c0-0x23ee59fff]
Feb 16 23:08:20 qemu-vm kernel: Zone ranges:
Feb 16 23:08:20 qemu-vm kernel:   DMA      [mem 0x0000000040000000-0x00000000ffffffff]
Feb 16 23:08:20 qemu-vm kernel:   DMA32    empty
Feb 16 23:08:20 qemu-vm kernel:   Normal   [mem 0x0000000100000000-0x000000023fffffff]
Feb 16 23:08:20 qemu-vm kernel:   Device   empty
Feb 16 23:08:20 qemu-vm kernel: Movable zone start for each node
Feb 16 23:08:20 qemu-vm kernel: Early memory node ranges
Feb 16 23:08:20 qemu-vm kernel:   node   0: [mem 0x0000000040000000-0x000000023c05ffff]
Feb 16 23:08:20 qemu-vm kernel:   node   0: [mem 0x000000023c060000-0x000000023c06ffff]
Feb 16 23:08:20 qemu-vm kernel:   node   0: [mem 0x000000023c070000-0x000000023c15ffff]
Feb 16 23:08:20 qemu-vm kernel:   node   0: [mem 0x000000023c160000-0x000000023c47ffff]
Feb 16 23:08:20 qemu-vm kernel:   node   0: [mem 0x000000023c480000-0x000000023f75ffff]
Feb 16 23:08:20 qemu-vm kernel:   node   0: [mem 0x000000023f760000-0x000000023f7effff]
Feb 16 23:08:20 qemu-vm kernel:   node   0: [mem 0x000000023f7f0000-0x000000023f7fffff]
Feb 16 23:08:20 qemu-vm kernel:   node   0: [mem 0x000000023f800000-0x000000023f91ffff]
Feb 16 23:08:20 qemu-vm kernel:   node   0: [mem 0x000000023f920000-0x000000023fffffff]
Feb 16 23:08:20 qemu-vm kernel: Initmem setup node 0 [mem 0x0000000040000000-0x000000023fffffff]
Feb 16 23:08:20 qemu-vm kernel: cma: Reserved 32 MiB at 0x00000000fe000000 on node -1
Feb 16 23:08:20 qemu-vm kernel: crashkernel reserved: 0x00000000de000000 - 0x00000000fe000000 (512 MB)
Feb 16 23:08:20 qemu-vm kernel: psci: probing for conduit method from ACPI.
Feb 16 23:08:20 qemu-vm kernel: psci: PSCIv1.1 detected in firmware.
Feb 16 23:08:20 qemu-vm kernel: psci: Using standard PSCI v0.2 function IDs
Feb 16 23:08:20 qemu-vm kernel: psci: Trusted OS migration not required
Feb 16 23:08:20 qemu-vm kernel: psci: SMC Calling Convention v1.0
Feb 16 23:08:20 qemu-vm kernel: percpu: Embedded 56 pages/cpu s103896 r8192 d117288 u229376
Feb 16 23:08:20 qemu-vm kernel: pcpu-alloc: s103896 r8192 d117288 u229376 alloc=56*4096
Feb 16 23:08:20 qemu-vm kernel: pcpu-alloc: [0] 0 [0] 1 [0] 2 [0] 3 
Feb 16 23:08:20 qemu-vm kernel: Detected PIPT I-cache on CPU0
Feb 16 23:08:20 qemu-vm kernel: CPU features: detected: Address authentication (IMP DEF algorithm)
Feb 16 23:08:20 qemu-vm kernel: CPU features: detected: Spectre-v4
Feb 16 23:08:20 qemu-vm kernel: alternatives: applying boot alternatives
Feb 16 23:08:20 qemu-vm kernel: Kernel command line: BOOT_IMAGE=/boot/vmlinuz-6.11.0-14-generic root=UUID=0f517486-5e07-4c81-ae2a-9c9bf8ee248f ro quiet splash crashkernel=2G-4G:320M,4G-32G:512M,32G-64G:1024M,64G-128G:2048M,128G-:4096M vt.handoff=7
Feb 16 23:08:20 qemu-vm kernel: Unknown kernel command line parameters "splash BOOT_IMAGE=/boot/vmlinuz-6.11.0-14-generic", will be passed to user space.
Feb 16 23:08:20 qemu-vm kernel: Dentry cache hash table entries: 1048576 (order: 11, 8388608 bytes, linear)
Feb 16 23:08:20 qemu-vm kernel: Inode-cache hash table entries: 524288 (order: 10, 4194304 bytes, linear)
Feb 16 23:08:20 qemu-vm kernel: Fallback order for Node 0: 0 
Feb 16 23:08:20 qemu-vm kernel: Built 1 zonelists, mobility grouping on.  Total pages: 2097152
Feb 16 23:08:20 qemu-vm kernel: Policy zone: Normal
Feb 16 23:08:20 qemu-vm kernel: mem auto-init: stack:all(zero), heap alloc:on, heap free:off
Feb 16 23:08:20 qemu-vm kernel: software IO TLB: area num 4.
Feb 16 23:08:20 qemu-vm kernel: software IO TLB: mapped [mem 0x00000000da000000-0x00000000de000000] (64MB)
Feb 16 23:08:20 qemu-vm kernel: SLUB: HWalign=64, Order=0-3, MinObjects=0, CPUs=4, Nodes=1
Feb 16 23:08:20 qemu-vm kernel: ftrace: allocating 64454 entries in 252 pages
Feb 16 23:08:20 qemu-vm kernel: ftrace: allocated 252 pages with 6 groups
Feb 16 23:08:20 qemu-vm kernel: trace event string verifier disabled
Feb 16 23:08:20 qemu-vm kernel: Dynamic Preempt: voluntary
Feb 16 23:08:20 qemu-vm kernel: rcu: Preemptible hierarchical RCU implementation.
Feb 16 23:08:20 qemu-vm kernel: rcu:         RCU restricting CPUs from NR_CPUS=512 to nr_cpu_ids=4.
Feb 16 23:08:20 qemu-vm kernel:         Trampoline variant of Tasks RCU enabled.
Feb 16 23:08:20 qemu-vm kernel:         Rude variant of Tasks RCU enabled.
Feb 16 23:08:20 qemu-vm kernel:         Tracing variant of Tasks RCU enabled.
Feb 16 23:08:20 qemu-vm kernel: rcu: RCU calculated value of scheduler-enlistment delay is 100 jiffies.
Feb 16 23:08:20 qemu-vm kernel: rcu: Adjusting geometry for rcu_fanout_leaf=16, nr_cpu_ids=4
Feb 16 23:08:20 qemu-vm kernel: RCU Tasks: Setting shift to 2 and lim to 1 rcu_task_cb_adjust=1.
Feb 16 23:08:20 qemu-vm kernel: RCU Tasks Rude: Setting shift to 2 and lim to 1 rcu_task_cb_adjust=1.
Feb 16 23:08:20 qemu-vm kernel: RCU Tasks Trace: Setting shift to 2 and lim to 1 rcu_task_cb_adjust=1.
Feb 16 23:08:20 qemu-vm kernel: NR_IRQS: 64, nr_irqs: 64, preallocated irqs: 0
Feb 16 23:08:20 qemu-vm kernel: Root IRQ handler: gic_handle_irq
Feb 16 23:08:20 qemu-vm kernel: GICv2m: ACPI overriding V2M MSI_TYPER (base:80, num:64)
Feb 16 23:08:20 qemu-vm kernel: GICv2m: range[mem 0x08020000-0x08020fff], SPI[80:143]
Feb 16 23:08:20 qemu-vm kernel: rcu: srcu_init: Setting srcu_struct sizes based on contention.
Feb 16 23:08:20 qemu-vm kernel: arch_timer: cp15 timer(s) running at 24.00MHz (virt).
Feb 16 23:08:20 qemu-vm kernel: clocksource: arch_sys_counter: mask: 0xffffffffffffff max_cycles: 0x588fe9dc0, max_idle_ns: 440795202592 ns
Feb 16 23:08:20 qemu-vm kernel: sched_clock: 56 bits at 24MHz, resolution 41ns, wraps every 4398046511097ns
Feb 16 23:08:20 qemu-vm kernel: Console: colour dummy device 80x25
Feb 16 23:08:20 qemu-vm kernel: ACPI: Core revision 20240322
Feb 16 23:08:20 qemu-vm kernel: Calibrating delay loop (skipped), value calculated using timer frequency.. 48.00 BogoMIPS (lpj=24000)
Feb 16 23:08:20 qemu-vm kernel: pid_max: default: 32768 minimum: 301
Feb 16 23:08:20 qemu-vm kernel: LSM: initializing lsm=lockdown,capability,landlock,yama,apparmor,ima,evm
Feb 16 23:08:20 qemu-vm kernel: landlock: Up and running.
Feb 16 23:08:20 qemu-vm kernel: Yama: becoming mindful.
Feb 16 23:08:20 qemu-vm kernel: AppArmor: AppArmor initialized
Feb 16 23:08:20 qemu-vm kernel: Mount-cache hash table entries: 16384 (order: 5, 131072 bytes, linear)
Feb 16 23:08:20 qemu-vm kernel: Mountpoint-cache hash table entries: 16384 (order: 5, 131072 bytes, linear)
Feb 16 23:08:20 qemu-vm kernel: rcu: Hierarchical SRCU implementation.
Feb 16 23:08:20 qemu-vm kernel: rcu:         Max phase no-delay instances is 400.
Feb 16 23:08:20 qemu-vm kernel: Timer migration: 1 hierarchy levels; 8 children per group; 1 crossnode level
Feb 16 23:08:20 qemu-vm kernel: Remapping and enabling EFI services.
Feb 16 23:08:20 qemu-vm kernel: smp: Bringing up secondary CPUs ...
Feb 16 23:08:20 qemu-vm kernel: Detected PIPT I-cache on CPU1
Feb 16 23:08:20 qemu-vm kernel: CPU1: Booted secondary processor 0x0000000001 [0x610f0000]
Feb 16 23:08:20 qemu-vm kernel: Detected PIPT I-cache on CPU2
Feb 16 23:08:20 qemu-vm kernel: CPU2: Booted secondary processor 0x0000000002 [0x610f0000]
Feb 16 23:08:20 qemu-vm kernel: Detected PIPT I-cache on CPU3
Feb 16 23:08:20 qemu-vm kernel: CPU3: Booted secondary processor 0x0000000003 [0x610f0000]
Feb 16 23:08:20 qemu-vm kernel: smp: Brought up 1 node, 4 CPUs
Feb 16 23:08:20 qemu-vm kernel: SMP: Total of 4 processors activated.
Feb 16 23:08:20 qemu-vm kernel: CPU: All CPU(s) started at EL1
Feb 16 23:08:20 qemu-vm kernel: CPU features: detected: ARMv8.4 Translation Table Level
Feb 16 23:08:20 qemu-vm kernel: CPU features: detected: Data cache clean to the PoU not required for I/D coherence
Feb 16 23:08:20 qemu-vm kernel: CPU features: detected: Common not Private translations
Feb 16 23:08:20 qemu-vm kernel: CPU features: detected: CRC32 instructions
Feb 16 23:08:20 qemu-vm kernel: CPU features: detected: Data cache clean to Point of Deep Persistence
Feb 16 23:08:20 qemu-vm kernel: CPU features: detected: Data cache clean to Point of Persistence
Feb 16 23:08:20 qemu-vm kernel: CPU features: detected: Data independent timing control (DIT)
Feb 16 23:08:20 qemu-vm kernel: CPU features: detected: E0PD
Feb 16 23:08:20 qemu-vm kernel: CPU features: detected: Generic authentication (IMP DEF algorithm)
Feb 16 23:08:20 qemu-vm kernel: CPU features: detected: RCpc load-acquire (LDAPR)
Feb 16 23:08:20 qemu-vm kernel: CPU features: detected: LSE atomic instructions
Feb 16 23:08:20 qemu-vm kernel: CPU features: detected: Privileged Access Never
Feb 16 23:08:20 qemu-vm kernel: CPU features: detected: RAS Extension Support
Feb 16 23:08:20 qemu-vm kernel: CPU features: detected: Speculation barrier (SB)
Feb 16 23:08:20 qemu-vm kernel: CPU features: detected: TLB range maintenance instructions
Feb 16 23:08:20 qemu-vm kernel: CPU features: detected: Speculative Store Bypassing Safe (SSBS)
Feb 16 23:08:20 qemu-vm kernel: alternatives: applying system-wide alternatives
Feb 16 23:08:20 qemu-vm kernel: Memory: 7460692K/8388608K available (23872K kernel code, 5398K rwdata, 16564K rodata, 12544K init, 1181K bss, 885976K reserved, 32768K cma-reserved)
Feb 16 23:08:20 qemu-vm kernel: devtmpfs: initialized
Feb 16 23:08:20 qemu-vm kernel: setend instruction emulation is not supported on this system
Feb 16 23:08:20 qemu-vm kernel: clocksource: jiffies: mask: 0xffffffff max_cycles: 0xffffffff, max_idle_ns: 1911260446275000 ns
Feb 16 23:08:20 qemu-vm kernel: futex hash table entries: 1024 (order: 4, 65536 bytes, linear)
Feb 16 23:08:20 qemu-vm kernel: 2G module region forced by RANDOMIZE_MODULE_REGION_FULL
Feb 16 23:08:20 qemu-vm kernel: 0 pages in range for non-PLT usage
Feb 16 23:08:20 qemu-vm kernel: 509344 pages in range for PLT usage
Feb 16 23:08:20 qemu-vm kernel: pinctrl core: initialized pinctrl subsystem
Feb 16 23:08:20 qemu-vm kernel: SMBIOS 3.0.0 present.
Feb 16 23:08:20 qemu-vm kernel: DMI: QEMU QEMU Virtual Machine, BIOS 0.0.0 02/06/2015
Feb 16 23:08:20 qemu-vm kernel: DMI: Memory slots populated: 1/1
Feb 16 23:08:20 qemu-vm kernel: NET: Registered PF_NETLINK/PF_ROUTE protocol family
Feb 16 23:08:20 qemu-vm kernel: DMA: preallocated 1024 KiB GFP_KERNEL pool for atomic allocations
Feb 16 23:08:20 qemu-vm kernel: DMA: preallocated 1024 KiB GFP_KERNEL|GFP_DMA pool for atomic allocations
Feb 16 23:08:20 qemu-vm kernel: DMA: preallocated 1024 KiB GFP_KERNEL|GFP_DMA32 pool for atomic allocations
Feb 16 23:08:20 qemu-vm kernel: audit: initializing netlink subsys (disabled)
Feb 16 23:08:20 qemu-vm kernel: thermal_sys: Registered thermal governor 'fair_share'
Feb 16 23:08:20 qemu-vm kernel: thermal_sys: Registered thermal governor 'bang_bang'
Feb 16 23:08:20 qemu-vm kernel: thermal_sys: Registered thermal governor 'step_wise'
Feb 16 23:08:20 qemu-vm kernel: thermal_sys: Registered thermal governor 'user_space'
Feb 16 23:08:20 qemu-vm kernel: thermal_sys: Registered thermal governor 'power_allocator'
Feb 16 23:08:20 qemu-vm kernel: audit: type=2000 audit(0.007:1): state=initialized audit_enabled=0 res=1
Feb 16 23:08:20 qemu-vm kernel: cpuidle: using governor ladder
Feb 16 23:08:20 qemu-vm kernel: cpuidle: using governor menu
Feb 16 23:08:20 qemu-vm kernel: hw-breakpoint: found 6 breakpoint and 4 watchpoint registers.
Feb 16 23:08:20 qemu-vm kernel: ASID allocator initialised with 256 entries
Feb 16 23:08:20 qemu-vm kernel: acpiphp: ACPI Hot Plug PCI Controller Driver version: 0.5
Feb 16 23:08:20 qemu-vm kernel: Serial: AMBA PL011 UART driver
Feb 16 23:08:20 qemu-vm kernel: HugeTLB: registered 1.00 GiB page size, pre-allocated 0 pages
Feb 16 23:08:20 qemu-vm kernel: HugeTLB: 0 KiB vmemmap can be freed for a 1.00 GiB page
Feb 16 23:08:20 qemu-vm kernel: HugeTLB: registered 32.0 MiB page size, pre-allocated 0 pages
Feb 16 23:08:20 qemu-vm kernel: HugeTLB: 0 KiB vmemmap can be freed for a 32.0 MiB page
Feb 16 23:08:20 qemu-vm kernel: HugeTLB: registered 2.00 MiB page size, pre-allocated 0 pages
Feb 16 23:08:20 qemu-vm kernel: HugeTLB: 0 KiB vmemmap can be freed for a 2.00 MiB page
Feb 16 23:08:20 qemu-vm kernel: HugeTLB: registered 64.0 KiB page size, pre-allocated 0 pages
Feb 16 23:08:20 qemu-vm kernel: HugeTLB: 0 KiB vmemmap can be freed for a 64.0 KiB page
Feb 16 23:08:20 qemu-vm kernel: ACPI: Added _OSI(Module Device)
Feb 16 23:08:20 qemu-vm kernel: ACPI: Added _OSI(Processor Device)
Feb 16 23:08:20 qemu-vm kernel: ACPI: Added _OSI(3.0 _SCP Extensions)
Feb 16 23:08:20 qemu-vm kernel: ACPI: Added _OSI(Processor Aggregator Device)
Feb 16 23:08:20 qemu-vm kernel: ACPI: 1 ACPI AML tables successfully acquired and loaded
Feb 16 23:08:20 qemu-vm kernel: ACPI: Interpreter enabled
Feb 16 23:08:20 qemu-vm kernel: ACPI: Using GIC for interrupt routing
Feb 16 23:08:20 qemu-vm kernel: ACPI: MCFG table detected, 1 entries
Feb 16 23:08:20 qemu-vm kernel: ACPI: CPU0 has been hot-added
Feb 16 23:08:20 qemu-vm kernel: ACPI: CPU1 has been hot-added
Feb 16 23:08:20 qemu-vm kernel: ACPI: CPU2 has been hot-added
Feb 16 23:08:20 qemu-vm kernel: ACPI: CPU3 has been hot-added
Feb 16 23:08:20 qemu-vm kernel: ARMH0011:00: ttyAMA0 at MMIO 0x9000000 (irq = 12, base_baud = 0) is a SBSA
Feb 16 23:08:20 qemu-vm kernel: printk: legacy console [ttyAMA0] enabled
Feb 16 23:08:20 qemu-vm kernel: ACPI: PCI: Interrupt link L000 configured for IRQ 35
Feb 16 23:08:20 qemu-vm kernel: ACPI: PCI: Interrupt link L001 configured for IRQ 36
Feb 16 23:08:20 qemu-vm kernel: ACPI: PCI: Interrupt link L002 configured for IRQ 37
Feb 16 23:08:20 qemu-vm kernel: ACPI: PCI: Interrupt link L003 configured for IRQ 38
Feb 16 23:08:20 qemu-vm kernel: ACPI: PCI Root Bridge [PCI0] (domain 0000 [bus 00-0f])
Feb 16 23:08:20 qemu-vm kernel: acpi PNP0A08:00: _OSC: OS supports [ExtendedConfig ASPM ClockPM Segments MSI EDR HPX-Type3]
Feb 16 23:08:20 qemu-vm kernel: acpi PNP0A08:00: _OSC: platform does not support [LTR DPC]
Feb 16 23:08:20 qemu-vm kernel: acpi PNP0A08:00: _OSC: OS now controls [PCIeHotplug SHPCHotplug PME AER PCIeCapability]
Feb 16 23:08:20 qemu-vm kernel: acpi PNP0A08:00: ECAM area [mem 0x3f000000-0x3fffffff] reserved by PNP0C02:00
Feb 16 23:08:20 qemu-vm kernel: acpi PNP0A08:00: ECAM at [mem 0x3f000000-0x3fffffff] for [bus 00-0f]
Feb 16 23:08:20 qemu-vm kernel: ACPI: Remapped I/O 0x000000003eff0000 to [io  0x0000-0xffff window]
Feb 16 23:08:20 qemu-vm kernel: PCI host bridge to bus 0000:00
Feb 16 23:08:20 qemu-vm kernel: pci_bus 0000:00: root bus resource [mem 0x10000000-0x3efeffff window]
Feb 16 23:08:20 qemu-vm kernel: pci_bus 0000:00: root bus resource [io  0x0000-0xffff window]
Feb 16 23:08:20 qemu-vm kernel: pci_bus 0000:00: root bus resource [bus 00-0f]
Feb 16 23:08:20 qemu-vm kernel: pci 0000:00:00.0: [1b36:0008] type 00 class 0x060000 conventional PCI endpoint
Feb 16 23:08:20 qemu-vm kernel: pci 0000:00:01.0: [1af4:1000] type 00 class 0x020000 conventional PCI endpoint
Feb 16 23:08:20 qemu-vm kernel: pci 0000:00:01.0: BAR 0 [io  0x0100-0x011f]
Feb 16 23:08:20 qemu-vm kernel: pci 0000:00:01.0: BAR 1 [mem 0x10069000-0x10069fff]
Feb 16 23:08:20 qemu-vm kernel: pci 0000:00:01.0: BAR 4 [mem 0x10054000-0x10057fff 64bit pref]
Feb 16 23:08:20 qemu-vm kernel: pci 0000:00:01.0: ROM [mem 0xfffc0000-0xffffffff pref]
Feb 16 23:08:20 qemu-vm kernel: pci 0000:00:02.0: [1af4:1050] type 00 class 0x038000 conventional PCI endpoint
Feb 16 23:08:20 qemu-vm kernel: pci 0000:00:02.0: BAR 1 [mem 0x10068000-0x10068fff]
Feb 16 23:08:20 qemu-vm kernel: pci 0000:00:02.0: BAR 4 [mem 0x10050000-0x10053fff 64bit pref]
Feb 16 23:08:20 qemu-vm kernel: pci 0000:00:03.0: [8086:2668] type 00 class 0x040300 conventional PCI endpoint
Feb 16 23:08:20 qemu-vm kernel: pci 0000:00:03.0: BAR 0 [mem 0x10060000-0x10063fff]
Feb 16 23:08:20 qemu-vm kernel: pci 0000:00:04.0: [1033:0194] type 00 class 0x0c0330 PCIe Root Complex Integrated Endpoint
Feb 16 23:08:20 qemu-vm kernel: pci 0000:00:04.0: BAR 0 [mem 0x10058000-0x1005bfff 64bit]
Feb 16 23:08:20 qemu-vm kernel: pci 0000:00:05.0: [1b36:000d] type 00 class 0x0c0330 PCIe Root Complex Integrated Endpoint
Feb 16 23:08:20 qemu-vm kernel: pci 0000:00:05.0: BAR 0 [mem 0x1005c000-0x1005ffff 64bit]
Feb 16 23:08:20 qemu-vm kernel: pci 0000:00:06.0: [1af4:1001] type 00 class 0x010000 conventional PCI endpoint
Feb 16 23:08:20 qemu-vm kernel: pci 0000:00:06.0: BAR 0 [io  0x0000-0x007f]
Feb 16 23:08:20 qemu-vm kernel: pci 0000:00:06.0: BAR 1 [mem 0x10067000-0x10067fff]
Feb 16 23:08:20 qemu-vm kernel: pci 0000:00:06.0: BAR 4 [mem 0x1004c000-0x1004ffff 64bit pref]
Feb 16 23:08:20 qemu-vm kernel: pci 0000:00:07.0: [1af4:1003] type 00 class 0x078000 conventional PCI endpoint
Feb 16 23:08:20 qemu-vm kernel: pci 0000:00:07.0: BAR 0 [io  0x0080-0x00bf]
Feb 16 23:08:20 qemu-vm kernel: pci 0000:00:07.0: BAR 1 [mem 0x10066000-0x10066fff]
Feb 16 23:08:20 qemu-vm kernel: pci 0000:00:07.0: BAR 4 [mem 0x10048000-0x1004bfff 64bit pref]
Feb 16 23:08:20 qemu-vm kernel: pci 0000:00:08.0: [1af4:1009] type 00 class 0x000200 conventional PCI endpoint
Feb 16 23:08:20 qemu-vm kernel: pci 0000:00:08.0: BAR 0 [io  0x00e0-0x00ff]
Feb 16 23:08:20 qemu-vm kernel: pci 0000:00:08.0: BAR 1 [mem 0x10065000-0x10065fff]
Feb 16 23:08:20 qemu-vm kernel: pci 0000:00:08.0: BAR 4 [mem 0x10044000-0x10047fff 64bit pref]
Feb 16 23:08:20 qemu-vm kernel: pci 0000:00:09.0: [1af4:1005] type 00 class 0x00ff00 conventional PCI endpoint
Feb 16 23:08:20 qemu-vm kernel: pci 0000:00:09.0: BAR 0 [io  0x00c0-0x00df]
Feb 16 23:08:20 qemu-vm kernel: pci 0000:00:09.0: BAR 1 [mem 0x10064000-0x10064fff]
Feb 16 23:08:20 qemu-vm kernel: pci 0000:00:09.0: BAR 4 [mem 0x10040000-0x10043fff 64bit pref]
Feb 16 23:08:20 qemu-vm kernel: pci 0000:00:01.0: ROM [mem 0x10000000-0x1003ffff pref]: assigned
Feb 16 23:08:20 qemu-vm kernel: pci 0000:00:01.0: BAR 4 [mem 0x10040000-0x10043fff 64bit pref]: assigned
Feb 16 23:08:20 qemu-vm kernel: pci 0000:00:02.0: BAR 4 [mem 0x10044000-0x10047fff 64bit pref]: assigned
Feb 16 23:08:20 qemu-vm kernel: pci 0000:00:03.0: BAR 0 [mem 0x10048000-0x1004bfff]: assigned
Feb 16 23:08:20 qemu-vm kernel: pci 0000:00:04.0: BAR 0 [mem 0x1004c000-0x1004ffff 64bit]: assigned
Feb 16 23:08:20 qemu-vm kernel: pci 0000:00:05.0: BAR 0 [mem 0x10050000-0x10053fff 64bit]: assigned
Feb 16 23:08:20 qemu-vm kernel: pci 0000:00:06.0: BAR 4 [mem 0x10054000-0x10057fff 64bit pref]: assigned
Feb 16 23:08:20 qemu-vm kernel: pci 0000:00:07.0: BAR 4 [mem 0x10058000-0x1005bfff 64bit pref]: assigned
Feb 16 23:08:20 qemu-vm kernel: pci 0000:00:08.0: BAR 4 [mem 0x1005c000-0x1005ffff 64bit pref]: assigned
Feb 16 23:08:20 qemu-vm kernel: pci 0000:00:09.0: BAR 4 [mem 0x10060000-0x10063fff 64bit pref]: assigned
Feb 16 23:08:20 qemu-vm kernel: pci 0000:00:01.0: BAR 1 [mem 0x10064000-0x10064fff]: assigned
Feb 16 23:08:20 qemu-vm kernel: pci 0000:00:02.0: BAR 1 [mem 0x10065000-0x10065fff]: assigned
Feb 16 23:08:20 qemu-vm kernel: pci 0000:00:06.0: BAR 1 [mem 0x10066000-0x10066fff]: assigned
Feb 16 23:08:20 qemu-vm kernel: pci 0000:00:07.0: BAR 1 [mem 0x10067000-0x10067fff]: assigned
Feb 16 23:08:20 qemu-vm kernel: pci 0000:00:08.0: BAR 1 [mem 0x10068000-0x10068fff]: assigned
Feb 16 23:08:20 qemu-vm kernel: pci 0000:00:09.0: BAR 1 [mem 0x10069000-0x10069fff]: assigned
Feb 16 23:08:20 qemu-vm kernel: pci 0000:00:06.0: BAR 0 [io  0x1000-0x107f]: assigned
Feb 16 23:08:20 qemu-vm kernel: pci 0000:00:07.0: BAR 0 [io  0x1080-0x10bf]: assigned
Feb 16 23:08:20 qemu-vm kernel: pci 0000:00:01.0: BAR 0 [io  0x10c0-0x10df]: assigned
Feb 16 23:08:20 qemu-vm kernel: pci 0000:00:08.0: BAR 0 [io  0x10e0-0x10ff]: assigned
Feb 16 23:08:20 qemu-vm kernel: pci 0000:00:09.0: BAR 0 [io  0x1100-0x111f]: assigned
Feb 16 23:08:20 qemu-vm kernel: pci_bus 0000:00: resource 4 [mem 0x10000000-0x3efeffff window]
Feb 16 23:08:20 qemu-vm kernel: pci_bus 0000:00: resource 5 [io  0x0000-0xffff window]
Feb 16 23:08:20 qemu-vm kernel: iommu: Default domain type: Translated
Feb 16 23:08:20 qemu-vm kernel: iommu: DMA domain TLB invalidation policy: strict mode
Feb 16 23:08:20 qemu-vm kernel: SCSI subsystem initialized
Feb 16 23:08:20 qemu-vm kernel: libata version 3.00 loaded.
Feb 16 23:08:20 qemu-vm kernel: ACPI: bus type USB registered
Feb 16 23:08:20 qemu-vm kernel: usbcore: registered new interface driver usbfs
Feb 16 23:08:20 qemu-vm kernel: usbcore: registered new interface driver hub
Feb 16 23:08:20 qemu-vm kernel: usbcore: registered new device driver usb
Feb 16 23:08:20 qemu-vm kernel: pps_core: LinuxPPS API ver. 1 registered
Feb 16 23:08:20 qemu-vm kernel: pps_core: Software ver. 5.3.6 - Copyright 2005-2007 Rodolfo Giometti <giometti@linux.it>
Feb 16 23:08:20 qemu-vm kernel: PTP clock support registered
Feb 16 23:08:20 qemu-vm kernel: EDAC MC: Ver: 3.0.0
Feb 16 23:08:20 qemu-vm kernel: scmi_core: SCMI protocol bus registered
Feb 16 23:08:20 qemu-vm kernel: efivars: Registered efivars operations
Feb 16 23:08:20 qemu-vm kernel: NetLabel: Initializing
Feb 16 23:08:20 qemu-vm kernel: NetLabel:  domain hash size = 128
Feb 16 23:08:20 qemu-vm kernel: NetLabel:  protocols = UNLABELED CIPSOv4 CALIPSO
Feb 16 23:08:20 qemu-vm kernel: NetLabel:  unlabeled traffic allowed by default
Feb 16 23:08:20 qemu-vm kernel: mctp: management component transport protocol core
Feb 16 23:08:20 qemu-vm kernel: NET: Registered PF_MCTP protocol family
Feb 16 23:08:20 qemu-vm kernel: vgaarb: loaded
Feb 16 23:08:20 qemu-vm kernel: clocksource: Switched to clocksource arch_sys_counter
Feb 16 23:08:20 qemu-vm kernel: VFS: Disk quotas dquot_6.6.0
Feb 16 23:08:20 qemu-vm kernel: VFS: Dquot-cache hash table entries: 512 (order 0, 4096 bytes)
Feb 16 23:08:20 qemu-vm kernel: AppArmor: AppArmor Filesystem Enabled
Feb 16 23:08:20 qemu-vm kernel: pnp: PnP ACPI init
Feb 16 23:08:20 qemu-vm kernel: system 00:00: [mem 0x3f000000-0x3fffffff window] could not be reserved
Feb 16 23:08:20 qemu-vm kernel: pnp: PnP ACPI: found 1 devices
Feb 16 23:08:20 qemu-vm kernel: NET: Registered PF_INET protocol family
Feb 16 23:08:20 qemu-vm kernel: IP idents hash table entries: 131072 (order: 8, 1048576 bytes, linear)
Feb 16 23:08:20 qemu-vm kernel: tcp_listen_portaddr_hash hash table entries: 4096 (order: 4, 65536 bytes, linear)
Feb 16 23:08:20 qemu-vm kernel: Table-perturb hash table entries: 65536 (order: 6, 262144 bytes, linear)
Feb 16 23:08:20 qemu-vm kernel: TCP established hash table entries: 65536 (order: 7, 524288 bytes, linear)
Feb 16 23:08:20 qemu-vm kernel: TCP bind hash table entries: 65536 (order: 9, 2097152 bytes, linear)
Feb 16 23:08:20 qemu-vm kernel: TCP: Hash tables configured (established 65536 bind 65536)
Feb 16 23:08:20 qemu-vm kernel: MPTCP token hash table entries: 8192 (order: 5, 196608 bytes, linear)
Feb 16 23:08:20 qemu-vm kernel: UDP hash table entries: 4096 (order: 5, 131072 bytes, linear)
Feb 16 23:08:20 qemu-vm kernel: UDP-Lite hash table entries: 4096 (order: 5, 131072 bytes, linear)
Feb 16 23:08:20 qemu-vm kernel: NET: Registered PF_UNIX/PF_LOCAL protocol family
Feb 16 23:08:20 qemu-vm kernel: NET: Registered PF_XDP protocol family
Feb 16 23:08:20 qemu-vm kernel: pci 0000:00:04.0: enabling device (0000 -> 0002)
Feb 16 23:08:20 qemu-vm kernel: pci 0000:00:05.0: enabling device (0000 -> 0002)
Feb 16 23:08:20 qemu-vm kernel: PCI: CLS 0 bytes, default 64
Feb 16 23:08:20 qemu-vm kernel: Trying to unpack rootfs image as initramfs...
Feb 16 23:08:20 qemu-vm kernel: kvm [1]: HYP mode not available
Feb 16 23:08:20 qemu-vm kernel: Initialise system trusted keyrings
Feb 16 23:08:20 qemu-vm kernel: Key type blacklist registered
Feb 16 23:08:20 qemu-vm kernel: workingset: timestamp_bits=40 max_order=21 bucket_order=0
Feb 16 23:08:20 qemu-vm kernel: zbud: loaded
Feb 16 23:08:20 qemu-vm kernel: squashfs: version 4.0 (2009/01/31) Phillip Lougher
Feb 16 23:08:20 qemu-vm kernel: fuse: init (API version 7.40)
Feb 16 23:08:20 qemu-vm kernel: integrity: Platform Keyring initialized
Feb 16 23:08:20 qemu-vm kernel: integrity: Machine keyring initialized
Feb 16 23:08:20 qemu-vm kernel: Key type asymmetric registered
Feb 16 23:08:20 qemu-vm kernel: Asymmetric key parser 'x509' registered
Feb 16 23:08:20 qemu-vm kernel: Block layer SCSI generic (bsg) driver version 0.4 loaded (major 242)
Feb 16 23:08:20 qemu-vm kernel: io scheduler mq-deadline registered
Feb 16 23:08:20 qemu-vm kernel: shpchp: Standard Hot Plug PCI Controller Driver version: 0.4
Feb 16 23:08:20 qemu-vm kernel: input: Power Button as /devices/LNXSYSTM:00/LNXSYBUS:00/PNP0C0C:00/input/input0
Feb 16 23:08:20 qemu-vm kernel: ACPI: button: Power Button [PWRB]
Feb 16 23:08:20 qemu-vm kernel: ACPI: \_SB_.L001: Enabled at IRQ 36
Feb 16 23:08:20 qemu-vm kernel: virtio-pci 0000:00:01.0: enabling device (0000 -> 0003)
Feb 16 23:08:20 qemu-vm kernel: ACPI: \_SB_.L002: Enabled at IRQ 37
Feb 16 23:08:20 qemu-vm kernel: virtio-pci 0000:00:06.0: enabling device (0005 -> 0007)
Feb 16 23:08:20 qemu-vm kernel: ACPI: \_SB_.L003: Enabled at IRQ 38
Feb 16 23:08:20 qemu-vm kernel: virtio-pci 0000:00:07.0: enabling device (0000 -> 0003)
Feb 16 23:08:20 qemu-vm kernel: ACPI: \_SB_.L000: Enabled at IRQ 35
Feb 16 23:08:20 qemu-vm kernel: virtio-pci 0000:00:08.0: enabling device (0000 -> 0003)
Feb 16 23:08:20 qemu-vm kernel: virtio-pci 0000:00:09.0: enabling device (0005 -> 0007)
Feb 16 23:08:20 qemu-vm kernel: Serial: 8250/16550 driver, 32 ports, IRQ sharing enabled
Feb 16 23:08:20 qemu-vm kernel: msm_serial: driver initialized
Feb 16 23:08:20 qemu-vm kernel: SuperH (H)SCI(F) driver initialized
Feb 16 23:08:20 qemu-vm kernel: loop: module loaded
Feb 16 23:08:20 qemu-vm kernel: virtio_blk virtio2: 4/0/0 default/read/poll queues
Feb 16 23:08:20 qemu-vm kernel: virtio_blk virtio2: [vda] 134217728 512-byte logical blocks (68.7 GB/64.0 GiB)
Feb 16 23:08:20 qemu-vm kernel:  vda: vda1 vda2
Feb 16 23:08:20 qemu-vm kernel: ACPI: bus type drm_connector registered
Feb 16 23:08:20 qemu-vm kernel: tun: Universal TUN/TAP device driver, 1.6
Feb 16 23:08:20 qemu-vm kernel: PPP generic driver version 2.4.2
Feb 16 23:08:20 qemu-vm kernel: mousedev: PS/2 mouse device common for all mice
Feb 16 23:08:20 qemu-vm kernel: rtc-efi rtc-efi.0: registered as rtc0
Feb 16 23:08:20 qemu-vm kernel: rtc-efi rtc-efi.0: setting system clock to 2025-02-16T20:08:19 UTC (1739736499)
Feb 16 23:08:20 qemu-vm kernel: i2c_dev: i2c /dev entries driver
Feb 16 23:08:20 qemu-vm kernel: device-mapper: core: CONFIG_IMA_DISABLE_HTABLE is disabled. Duplicate IMA measurements will not be recorded in the IMA log.
Feb 16 23:08:20 qemu-vm kernel: device-mapper: uevent: version 1.0.3
Feb 16 23:08:20 qemu-vm kernel: device-mapper: ioctl: 4.48.0-ioctl (2023-03-01) initialised: dm-devel@lists.linux.dev
Feb 16 23:08:20 qemu-vm kernel: ledtrig-cpu: registered to indicate activity on CPUs
Feb 16 23:08:20 qemu-vm kernel: drop_monitor: Initializing network drop monitor service
Feb 16 23:08:20 qemu-vm kernel: NET: Registered PF_INET6 protocol family
Feb 16 23:08:20 qemu-vm kernel: Freeing initrd memory: 69684K
Feb 16 23:08:20 qemu-vm kernel: Segment Routing with IPv6
Feb 16 23:08:20 qemu-vm kernel: In-situ OAM (IOAM) with IPv6
Feb 16 23:08:20 qemu-vm kernel: NET: Registered PF_PACKET protocol family
Feb 16 23:08:20 qemu-vm kernel: Key type dns_resolver registered
Feb 16 23:08:20 qemu-vm kernel: registered taskstats version 1
Feb 16 23:08:20 qemu-vm kernel: Loading compiled-in X.509 certificates
Feb 16 23:08:20 qemu-vm kernel: Loaded X.509 cert 'Build time autogenerated kernel key: a12da53d1bcfc0ee4db05b207c82a932acd74a2d'
Feb 16 23:08:20 qemu-vm kernel: Loaded X.509 cert 'Canonical Ltd. Live Patch Signing: 14df34d1a87cf37625abec039ef2bf521249b969'
Feb 16 23:08:20 qemu-vm kernel: Loaded X.509 cert 'Canonical Ltd. Kernel Module Signing: 88f752e560a1e0737e31163a466ad7b70a850c19'
Feb 16 23:08:20 qemu-vm kernel: blacklist: Loading compiled-in revocation X.509 certificates
Feb 16 23:08:20 qemu-vm kernel: Loaded X.509 cert 'Canonical Ltd. Secure Boot Signing: 61482aa2830d0ab2ad5af10b7250da9033ddcef0'
Feb 16 23:08:20 qemu-vm kernel: Loaded X.509 cert 'Canonical Ltd. Secure Boot Signing (2017): 242ade75ac4a15e50d50c84b0d45ff3eae707a03'
Feb 16 23:08:20 qemu-vm kernel: Loaded X.509 cert 'Canonical Ltd. Secure Boot Signing (ESM 2018): 365188c1d374d6b07c3c8f240f8ef722433d6a8b'
Feb 16 23:08:20 qemu-vm kernel: Loaded X.509 cert 'Canonical Ltd. Secure Boot Signing (2019): c0746fd6c5da3ae827864651ad66ae47fe24b3e8'
Feb 16 23:08:20 qemu-vm kernel: Loaded X.509 cert 'Canonical Ltd. Secure Boot Signing (2021 v1): a8d54bbb3825cfb94fa13c9f8a594a195c107b8d'
Feb 16 23:08:20 qemu-vm kernel: Loaded X.509 cert 'Canonical Ltd. Secure Boot Signing (2021 v2): 4cf046892d6fd3c9a5b03f98d845f90851dc6a8c'
Feb 16 23:08:20 qemu-vm kernel: Loaded X.509 cert 'Canonical Ltd. Secure Boot Signing (2021 v3): 100437bb6de6e469b581e61cd66bce3ef4ed53af'
Feb 16 23:08:20 qemu-vm kernel: Loaded X.509 cert 'Canonical Ltd. Secure Boot Signing (Ubuntu Core 2019): c1d57b8f6b743f23ee41f4f7ee292f06eecadfb9'
Feb 16 23:08:20 qemu-vm kernel: Demotion targets for Node 0: null
Feb 16 23:08:20 qemu-vm kernel: Key type .fscrypt registered
Feb 16 23:08:20 qemu-vm kernel: Key type fscrypt-provisioning registered
Feb 16 23:08:20 qemu-vm kernel: Key type encrypted registered
Feb 16 23:08:20 qemu-vm kernel: AppArmor: AppArmor sha256 policy hashing enabled
Feb 16 23:08:20 qemu-vm kernel: integrity: Loading X.509 certificate: UEFI:db
Feb 16 23:08:20 qemu-vm kernel: integrity: Loaded X.509 cert 'Microsoft Windows Production PCA 2011: a92902398e16c49778cd90f99e4f9ae17c55af53'
Feb 16 23:08:20 qemu-vm kernel: integrity: Loading X.509 certificate: UEFI:db
Feb 16 23:08:20 qemu-vm kernel: integrity: Loaded X.509 cert 'Microsoft Corporation UEFI CA 2011: 13adbf4309bd82709c8cd54f316ed522988a1bd4'
Feb 16 23:08:20 qemu-vm kernel: ima: secureboot mode disabled
Feb 16 23:08:20 qemu-vm kernel: ima: No TPM chip found, activating TPM-bypass!
Feb 16 23:08:20 qemu-vm kernel: Loading compiled-in module X.509 certificates
Feb 16 23:08:20 qemu-vm kernel: Loaded X.509 cert 'Build time autogenerated kernel key: a12da53d1bcfc0ee4db05b207c82a932acd74a2d'
Feb 16 23:08:20 qemu-vm kernel: ima: Allocated hash algorithm: sha256
Feb 16 23:08:20 qemu-vm kernel: ima: No architecture policies found
Feb 16 23:08:20 qemu-vm kernel: evm: Initialising EVM extended attributes:
Feb 16 23:08:20 qemu-vm kernel: evm: security.selinux
Feb 16 23:08:20 qemu-vm kernel: evm: security.SMACK64
Feb 16 23:08:20 qemu-vm kernel: evm: security.SMACK64EXEC
Feb 16 23:08:20 qemu-vm kernel: evm: security.SMACK64TRANSMUTE
Feb 16 23:08:20 qemu-vm kernel: evm: security.SMACK64MMAP
Feb 16 23:08:20 qemu-vm kernel: evm: security.apparmor
Feb 16 23:08:20 qemu-vm kernel: evm: security.ima
Feb 16 23:08:20 qemu-vm kernel: evm: security.capability
Feb 16 23:08:20 qemu-vm kernel: evm: HMAC attrs: 0x1
Feb 16 23:08:20 qemu-vm kernel: clk: Disabling unused clocks
Feb 16 23:08:20 qemu-vm kernel: PM: genpd: Disabling unused power domains
Feb 16 23:08:20 qemu-vm kernel: Freeing unused kernel memory: 12544K
Feb 16 23:08:20 qemu-vm kernel: Checked W+X mappings: passed, no W+X pages found
Feb 16 23:08:20 qemu-vm kernel: Run /init as init process
Feb 16 23:08:20 qemu-vm kernel:   with arguments:
Feb 16 23:08:20 qemu-vm kernel:     /init
Feb 16 23:08:20 qemu-vm kernel:     splash
Feb 16 23:08:20 qemu-vm kernel:   with environment:
Feb 16 23:08:20 qemu-vm kernel:     HOME=/
Feb 16 23:08:20 qemu-vm kernel:     TERM=linux
Feb 16 23:08:20 qemu-vm kernel:     BOOT_IMAGE=/boot/vmlinuz-6.11.0-14-generic
Feb 16 23:08:20 qemu-vm kernel: xhci_hcd 0000:00:04.0: xHCI Host Controller
Feb 16 23:08:20 qemu-vm kernel: xhci_hcd 0000:00:04.0: new USB bus registered, assigned bus number 1
Feb 16 23:08:20 qemu-vm kernel: xhci_hcd 0000:00:04.0: hcc params 0x00080001 hci version 0x100 quirks 0x0000000000000014
Feb 16 23:08:20 qemu-vm kernel: xhci_hcd 0000:00:04.0: xHCI Host Controller
Feb 16 23:08:20 qemu-vm kernel: xhci_hcd 0000:00:04.0: new USB bus registered, assigned bus number 2
Feb 16 23:08:20 qemu-vm kernel: xhci_hcd 0000:00:04.0: Host supports USB 3.0 SuperSpeed
Feb 16 23:08:20 qemu-vm kernel: [drm] pci: virtio-gpu-pci detected at 0000:00:02.0
Feb 16 23:08:20 qemu-vm kernel: usb usb1: New USB device found, idVendor=1d6b, idProduct=0002, bcdDevice= 6.11
Feb 16 23:08:20 qemu-vm kernel: [drm] features: -virgl +edid -resource_blob -host_visible
Feb 16 23:08:20 qemu-vm kernel: [drm] features: -context_init
Feb 16 23:08:20 qemu-vm kernel: usb usb1: New USB device strings: Mfr=3, Product=2, SerialNumber=1
Feb 16 23:08:20 qemu-vm kernel: usb usb1: Product: xHCI Host Controller
Feb 16 23:08:20 qemu-vm kernel: usb usb1: Manufacturer: Linux 6.11.0-14-generic xhci-hcd
Feb 16 23:08:20 qemu-vm kernel: usb usb1: SerialNumber: 0000:00:04.0
Feb 16 23:08:20 qemu-vm kernel: [drm] number of scanouts: 1
Feb 16 23:08:20 qemu-vm kernel: [drm] number of cap sets: 0
Feb 16 23:08:20 qemu-vm kernel: hub 1-0:1.0: USB hub found
Feb 16 23:08:20 qemu-vm kernel: hub 1-0:1.0: 4 ports detected
Feb 16 23:08:20 qemu-vm kernel: usb usb2: We don't know the algorithms for LPM for this host, disabling LPM.
Feb 16 23:08:20 qemu-vm kernel: usb usb2: New USB device found, idVendor=1d6b, idProduct=0003, bcdDevice= 6.11
Feb 16 23:08:20 qemu-vm kernel: usb usb2: New USB device strings: Mfr=3, Product=2, SerialNumber=1
Feb 16 23:08:20 qemu-vm kernel: usb usb2: Product: xHCI Host Controller
Feb 16 23:08:20 qemu-vm kernel: usb usb2: Manufacturer: Linux 6.11.0-14-generic xhci-hcd
Feb 16 23:08:20 qemu-vm kernel: usb usb2: SerialNumber: 0000:00:04.0
Feb 16 23:08:20 qemu-vm kernel: [drm] Initialized virtio_gpu 0.1.0 for 0000:00:02.0 on minor 0
Feb 16 23:08:20 qemu-vm kernel: hub 2-0:1.0: USB hub found
Feb 16 23:08:20 qemu-vm kernel: hub 2-0:1.0: 4 ports detected
Feb 16 23:08:20 qemu-vm kernel: xhci_hcd 0000:00:05.0: xHCI Host Controller
Feb 16 23:08:20 qemu-vm kernel: xhci_hcd 0000:00:05.0: new USB bus registered, assigned bus number 3
Feb 16 23:08:20 qemu-vm kernel: xhci_hcd 0000:00:05.0: hcc params 0x00087001 hci version 0x100 quirks 0x0000000000000010
Feb 16 23:08:20 qemu-vm kernel: virtio_net virtio0 enp0s1: renamed from eth0
Feb 16 23:08:20 qemu-vm kernel: xhci_hcd 0000:00:05.0: xHCI Host Controller
Feb 16 23:08:20 qemu-vm kernel: xhci_hcd 0000:00:05.0: new USB bus registered, assigned bus number 4
Feb 16 23:08:20 qemu-vm kernel: xhci_hcd 0000:00:05.0: Host supports USB 3.0 SuperSpeed
Feb 16 23:08:20 qemu-vm kernel: usb usb3: New USB device found, idVendor=1d6b, idProduct=0002, bcdDevice= 6.11
Feb 16 23:08:20 qemu-vm kernel: usb usb3: New USB device strings: Mfr=3, Product=2, SerialNumber=1
Feb 16 23:08:20 qemu-vm kernel: usb usb3: Product: xHCI Host Controller
Feb 16 23:08:20 qemu-vm kernel: usb usb3: Manufacturer: Linux 6.11.0-14-generic xhci-hcd
Feb 16 23:08:20 qemu-vm kernel: usb usb3: SerialNumber: 0000:00:05.0
Feb 16 23:08:20 qemu-vm kernel: hub 3-0:1.0: USB hub found
Feb 16 23:08:20 qemu-vm kernel: hub 3-0:1.0: 4 ports detected
Feb 16 23:08:20 qemu-vm kernel: usb usb4: We don't know the algorithms for LPM for this host, disabling LPM.
Feb 16 23:08:20 qemu-vm kernel: usb usb4: New USB device found, idVendor=1d6b, idProduct=0003, bcdDevice= 6.11
Feb 16 23:08:20 qemu-vm kernel: usb usb4: New USB device strings: Mfr=3, Product=2, SerialNumber=1
Feb 16 23:08:20 qemu-vm kernel: usb usb4: Product: xHCI Host Controller
Feb 16 23:08:20 qemu-vm kernel: usb usb4: Manufacturer: Linux 6.11.0-14-generic xhci-hcd
Feb 16 23:08:20 qemu-vm kernel: usb usb4: SerialNumber: 0000:00:05.0
Feb 16 23:08:20 qemu-vm kernel: fbcon: Deferring console take-over
Feb 16 23:08:20 qemu-vm kernel: virtio-pci 0000:00:02.0: [drm] fb0: virtio_gpudrmfb frame buffer device
Feb 16 23:08:20 qemu-vm kernel: hub 4-0:1.0: USB hub found
Feb 16 23:08:20 qemu-vm kernel: hub 4-0:1.0: 4 ports detected
Feb 16 23:08:20 qemu-vm kernel: EXT4-fs (vda2): orphan cleanup on readonly fs
Feb 16 23:08:20 qemu-vm kernel: EXT4-fs (vda2): mounted filesystem 0f517486-5e07-4c81-ae2a-9c9bf8ee248f ro with ordered data mode. Quota mode: none.
Feb 16 23:08:20 qemu-vm systemd[1]: Inserted module 'autofs4'
Feb 16 23:08:20 qemu-vm kernel: usb 1-1: new high-speed USB device number 2 using xhci_hcd
Feb 16 23:08:20 qemu-vm systemd[1]: systemd 256.5-2ubuntu3.1 running in system mode (+PAM +AUDIT +SELINUX +APPARMOR +IMA +SMACK +SECCOMP +GCRYPT -GNUTLS +OPENSSL +ACL +BLKID +CURL +ELFUTILS +FIDO2 +IDN2 -IDN +IPTC +KMOD +LIBCRYPTSETUP +LIBCRYPTSETUP_PLUGINS +LIBFDISK +PCRE2 +PWQUALITY +P11KIT +QRENCODE +TPM2 +BZIP2 +LZ4 +XZ +ZLIB +ZSTD +BPF_FRAMEWORK -XKBCOMMON +UTMP +SYSVINIT +LIBARCHIVE)
Feb 16 23:08:20 qemu-vm systemd[1]: Detected virtualization qemu.
Feb 16 23:08:20 qemu-vm systemd[1]: Detected architecture arm64.
Feb 16 23:08:20 qemu-vm systemd[1]: Hostname set to <qemu-vm>.
Feb 16 23:08:20 qemu-vm systemd[1]: bpf-restrict-fs: BPF LSM hook not enabled in the kernel, BPF LSM not supported.
Feb 16 23:08:20 qemu-vm kernel: NET: Registered PF_VSOCK protocol family
Feb 16 23:08:20 qemu-vm kernel: Guest personality initialized and is inactive
Feb 16 23:08:20 qemu-vm kernel: VMCI host device registered (name=vmci, major=10, minor=121)
Feb 16 23:08:20 qemu-vm kernel: Initialized host personality
Feb 16 23:08:20 qemu-vm kernel: usb 1-1: New USB device found, idVendor=0627, idProduct=0001, bcdDevice= 0.00
Feb 16 23:08:20 qemu-vm kernel: usb 1-1: New USB device strings: Mfr=1, Product=3, SerialNumber=10
Feb 16 23:08:20 qemu-vm kernel: usb 1-1: Product: QEMU USB Tablet
Feb 16 23:08:20 qemu-vm kernel: usb 1-1: Manufacturer: QEMU
Feb 16 23:08:20 qemu-vm kernel: usb 1-1: SerialNumber: 28754-0000:00:04.0-1
Feb 16 23:08:20 qemu-vm systemd[1]: Queued start job for default target graphical.target.
Feb 16 23:08:20 qemu-vm systemd[1]: Created slice system-modprobe.slice - Slice /system/modprobe.
Feb 16 23:08:20 qemu-vm systemd[1]: Created slice system-serial\x2dgetty.slice - Slice /system/serial-getty.
Feb 16 23:08:20 qemu-vm systemd[1]: Created slice system-systemd\x2dfsck.slice - Slice /system/systemd-fsck.
Feb 16 23:08:20 qemu-vm systemd[1]: Created slice user.slice - User and Session Slice.
Feb 16 23:08:20 qemu-vm systemd[1]: Started systemd-ask-password-wall.path - Forward Password Requests to Wall Directory Watch.
Feb 16 23:08:20 qemu-vm systemd[1]: Set up automount proc-sys-fs-binfmt_misc.automount - Arbitrary Executable File Formats File System Automount Point.
Feb 16 23:08:20 qemu-vm systemd[1]: Expecting device dev-disk-by\x2duuid-40AE\x2d7110.device - /dev/disk/by-uuid/40AE-7110...
Feb 16 23:08:20 qemu-vm systemd[1]: Expecting device dev-ttyAMA0.device - /dev/ttyAMA0...
Feb 16 23:08:20 qemu-vm systemd[1]: Reached target integritysetup.target - Local Integrity Protected Volumes.
Feb 16 23:08:20 qemu-vm systemd[1]: Reached target remote-fs.target - Remote File Systems.
Feb 16 23:08:20 qemu-vm systemd[1]: Reached target slices.target - Slice Units.
Feb 16 23:08:20 qemu-vm systemd[1]: Reached target snapd.mounts-pre.target - Mounting snaps.
Feb 16 23:08:20 qemu-vm systemd[1]: Reached target veritysetup.target - Local Verity Protected Volumes.
Feb 16 23:08:20 qemu-vm systemd[1]: Listening on syslog.socket - Syslog Socket.
Feb 16 23:08:20 qemu-vm systemd[1]: Listening on systemd-creds.socket - Credential Encryption/Decryption.
Feb 16 23:08:20 qemu-vm systemd[1]: Listening on systemd-fsckd.socket - fsck to fsckd communication Socket.
Feb 16 23:08:20 qemu-vm systemd[1]: Listening on systemd-initctl.socket - initctl Compatibility Named Pipe.
Feb 16 23:08:20 qemu-vm systemd[1]: Listening on systemd-journald-dev-log.socket - Journal Socket (/dev/log).
Feb 16 23:08:20 qemu-vm systemd[1]: Listening on systemd-journald.socket - Journal Sockets.
Feb 16 23:08:20 qemu-vm systemd[1]: Listening on systemd-oomd.socket - Userspace Out-Of-Memory (OOM) Killer Socket.
Feb 16 23:08:20 qemu-vm systemd[1]: systemd-pcrextend.socket - TPM PCR Measurements was skipped because of an unmet condition check (ConditionSecurity=measured-uki).
Feb 16 23:08:20 qemu-vm systemd[1]: systemd-pcrlock.socket - Make TPM PCR Policy was skipped because of an unmet condition check (ConditionSecurity=measured-uki).
Feb 16 23:08:20 qemu-vm systemd[1]: Listening on systemd-udevd-control.socket - udev Control Socket.
Feb 16 23:08:20 qemu-vm systemd[1]: Listening on systemd-udevd-kernel.socket - udev Kernel Socket.
Feb 16 23:08:20 qemu-vm systemd[1]: Mounting dev-hugepages.mount - Huge Pages File System...
Feb 16 23:08:20 qemu-vm systemd[1]: Mounting dev-mqueue.mount - POSIX Message Queue File System...
Feb 16 23:08:20 qemu-vm systemd[1]: Mounting run-lock.mount - Legacy Locks Directory /run/lock...
Feb 16 23:08:20 qemu-vm systemd[1]: Mounting sys-kernel-debug.mount - Kernel Debug File System...
Feb 16 23:08:20 qemu-vm kernel: usb 1-2: new high-speed USB device number 3 using xhci_hcd
Feb 16 23:08:20 qemu-vm systemd[1]: Mounting sys-kernel-tracing.mount - Kernel Trace File System...
Feb 16 23:08:20 qemu-vm systemd[1]: Starting systemd-journald.service - Journal Service...
Feb 16 23:08:20 qemu-vm systemd[1]: Starting keyboard-setup.service - Set the console keyboard layout...
Feb 16 23:08:20 qemu-vm systemd[1]: Starting kmod-static-nodes.service - Create List of Static Device Nodes...
Feb 16 23:08:20 qemu-vm systemd[1]: Starting modprobe@configfs.service - Load Kernel Module configfs...
Feb 16 23:08:20 qemu-vm systemd[1]: Starting modprobe@drm.service - Load Kernel Module drm...
Feb 16 23:08:20 qemu-vm systemd[1]: Starting modprobe@efi_pstore.service - Load Kernel Module efi_pstore...
Feb 16 23:08:20 qemu-vm systemd[1]: Starting modprobe@fuse.service - Load Kernel Module fuse...
Feb 16 23:08:20 qemu-vm systemd[1]: systemd-fsck-root.service - File System Check on Root Device was skipped because of an unmet condition check (ConditionPathExists=!/run/initramfs/fsck-root).
Feb 16 23:08:20 qemu-vm systemd[1]: systemd-hibernate-clear.service - Clear Stale Hibernate Storage Info was skipped because of an unmet condition check (ConditionPathExists=/sys/firmware/efi/efivars/HibernateLocation-8cf2644b-4b0b-428f-9387-6d876050dc67).
Feb 16 23:08:20 qemu-vm systemd[1]: Starting systemd-modules-load.service - Load Kernel Modules...
Feb 16 23:08:20 qemu-vm systemd[1]: systemd-pcrmachine.service - TPM PCR Machine ID Measurement was skipped because of an unmet condition check (ConditionSecurity=measured-uki).
Feb 16 23:08:20 qemu-vm systemd[1]: Starting systemd-remount-fs.service - Remount Root and Kernel File Systems...
Feb 16 23:08:20 qemu-vm systemd[1]: systemd-tpm2-setup-early.service - Early TPM SRK Setup was skipped because of an unmet condition check (ConditionSecurity=measured-uki).
Feb 16 23:08:20 qemu-vm kernel: pstore: Using crash dump compression: deflate
Feb 16 23:08:20 qemu-vm systemd[1]: Starting systemd-udev-load-credentials.service - Load udev Rules from Credentials...
Feb 16 23:08:20 qemu-vm systemd[1]: Starting systemd-udev-trigger.service - Coldplug All udev Devices...
Feb 16 23:08:20 qemu-vm systemd[1]: Mounted dev-hugepages.mount - Huge Pages File System.
Feb 16 23:08:20 qemu-vm systemd[1]: Mounted dev-mqueue.mount - POSIX Message Queue File System.
Feb 16 23:08:20 qemu-vm systemd[1]: Mounted run-lock.mount - Legacy Locks Directory /run/lock.
Feb 16 23:08:20 qemu-vm systemd[1]: Mounted sys-kernel-debug.mount - Kernel Debug File System.
Feb 16 23:08:20 qemu-vm systemd[1]: Mounted sys-kernel-tracing.mount - Kernel Trace File System.
Feb 16 23:08:20 qemu-vm systemd[1]: Finished kmod-static-nodes.service - Create List of Static Device Nodes.
Feb 16 23:08:20 qemu-vm systemd[1]: modprobe@configfs.service: Deactivated successfully.
Feb 16 23:08:20 qemu-vm systemd[1]: Finished modprobe@configfs.service - Load Kernel Module configfs.
Feb 16 23:08:20 qemu-vm systemd[1]: modprobe@drm.service: Deactivated successfully.
Feb 16 23:08:20 qemu-vm kernel: pstore: Registered efi_pstore as persistent store backend
Feb 16 23:08:20 qemu-vm systemd-journald[309]: Collecting audit messages is disabled.
Feb 16 23:08:20 qemu-vm systemd[1]: Finished modprobe@drm.service - Load Kernel Module drm.
Feb 16 23:08:20 qemu-vm systemd[1]: modprobe@efi_pstore.service: Deactivated successfully.
Feb 16 23:08:20 qemu-vm systemd[1]: Finished modprobe@efi_pstore.service - Load Kernel Module efi_pstore.
Feb 16 23:08:20 qemu-vm systemd[1]: modprobe@fuse.service: Deactivated successfully.
Feb 16 23:08:20 qemu-vm systemd[1]: Finished modprobe@fuse.service - Load Kernel Module fuse.
Feb 16 23:08:20 qemu-vm systemd[1]: Finished systemd-modules-load.service - Load Kernel Modules.
Feb 16 23:08:20 qemu-vm systemd-journald[309]: Journal started
Feb 16 23:08:20 qemu-vm systemd-journald[309]: Runtime Journal (/run/log/journal/637d7e1d1f8a40b98b365a75347f00fd) is 8M, max 74M, 66M free.
Feb 16 23:08:20 qemu-vm systemd[1]: Mounting sys-fs-fuse-connections.mount - FUSE Control File System...
Feb 16 23:08:20 qemu-vm systemd[1]: Mounting sys-kernel-config.mount - Kernel Configuration File System...
Feb 16 23:08:20 qemu-vm systemd[1]: Starting systemd-sysctl.service - Apply Kernel Variables...
Feb 16 23:08:20 qemu-vm systemd[1]: Starting systemd-tmpfiles-setup-dev-early.service - Create Static Device Nodes in /dev gracefully...
Feb 16 23:08:20 qemu-vm systemd[1]: Started systemd-journald.service - Journal Service.
Feb 16 23:08:20 qemu-vm systemd[1]: Finished systemd-udev-load-credentials.service - Load udev Rules from Credentials.
Feb 16 23:08:20 qemu-vm systemd[1]: Mounted sys-fs-fuse-connections.mount - FUSE Control File System.
Feb 16 23:08:20 qemu-vm kernel: EXT4-fs (vda2): re-mounted 0f517486-5e07-4c81-ae2a-9c9bf8ee248f r/w. Quota mode: none.
Feb 16 23:08:20 qemu-vm systemd[1]: Finished systemd-remount-fs.service - Remount Root and Kernel File Systems.
Feb 16 23:08:20 qemu-vm systemd[1]: Mounted sys-kernel-config.mount - Kernel Configuration File System.
Feb 16 23:08:20 qemu-vm systemd[1]: Activating swap swap.img.swap - /swap.img...
Feb 16 23:08:20 qemu-vm systemd[1]: systemd-hwdb-update.service - Rebuild Hardware Database was skipped because of an unmet condition check (ConditionNeedsUpdate=/etc).
Feb 16 23:08:20 qemu-vm systemd[1]: Starting systemd-journal-flush.service - Flush Journal to Persistent Storage...
Feb 16 23:08:20 qemu-vm systemd[1]: systemd-pstore.service - Platform Persistent Storage Archival was skipped because of an unmet condition check (ConditionDirectoryNotEmpty=/sys/fs/pstore).
Feb 16 23:08:20 qemu-vm systemd[1]: Starting systemd-random-seed.service - Load/Save OS Random Seed...
Feb 16 23:08:20 qemu-vm systemd[1]: systemd-tpm2-setup.service - TPM SRK Setup was skipped because of an unmet condition check (ConditionSecurity=measured-uki).
Feb 16 23:08:20 qemu-vm systemd[1]: Finished keyboard-setup.service - Set the console keyboard layout.
Feb 16 23:08:20 qemu-vm systemd[1]: Finished systemd-sysctl.service - Apply Kernel Variables.
Feb 16 23:08:20 qemu-vm systemd[1]: Finished systemd-tmpfiles-setup-dev-early.service - Create Static Device Nodes in /dev gracefully.
Feb 16 23:08:20 qemu-vm systemd[1]: systemd-sysusers.service - Create System Users was skipped because no trigger condition checks were met.
Feb 16 23:08:20 qemu-vm systemd-journald[309]: Time spent on flushing to /var/log/journal/637d7e1d1f8a40b98b365a75347f00fd is 16.537ms for 549 entries.
Feb 16 23:08:20 qemu-vm systemd-journald[309]: System Journal (/var/log/journal/637d7e1d1f8a40b98b365a75347f00fd) is 43.7M, max 4G, 3.9G free.
Feb 16 23:08:20 qemu-vm systemd-journald[309]: Received client request to flush runtime journal.
Feb 16 23:08:20 qemu-vm kernel: Adding 4194300k swap on /swap.img.  Priority:-2 extents:3 across:4464636k 
Feb 16 23:08:20 qemu-vm systemd[1]: Starting systemd-tmpfiles-setup-dev.service - Create Static Device Nodes in /dev...
Feb 16 23:08:20 qemu-vm systemd[1]: Activated swap swap.img.swap - /swap.img.
Feb 16 23:08:20 qemu-vm systemd[1]: Reached target swap.target - Swaps.
Feb 16 23:08:20 qemu-vm systemd[1]: Mounting tmp.mount - Temporary Directory /tmp...
Feb 16 23:08:20 qemu-vm systemd[1]: Finished systemd-random-seed.service - Load/Save OS Random Seed.
Feb 16 23:08:20 qemu-vm systemd[1]: Mounted tmp.mount - Temporary Directory /tmp.
Feb 16 23:08:20 qemu-vm systemd[1]: Finished systemd-tmpfiles-setup-dev.service - Create Static Device Nodes in /dev.
Feb 16 23:08:20 qemu-vm systemd[1]: Reached target local-fs-pre.target - Preparation for Local File Systems.
Feb 16 23:08:20 qemu-vm systemd[1]: Starting systemd-udevd.service - Rule-based Manager for Device Events and Files...
Feb 16 23:08:20 qemu-vm systemd[1]: Finished systemd-journal-flush.service - Flush Journal to Persistent Storage.
Feb 16 23:08:20 qemu-vm systemd-udevd[367]: Using default interface naming scheme 'v255'.
Feb 16 23:08:20 qemu-vm systemd[1]: Finished systemd-udev-trigger.service - Coldplug All udev Devices.
Feb 16 23:08:20 qemu-vm kernel: usb 1-2: New USB device found, idVendor=0627, idProduct=0001, bcdDevice= 0.00
Feb 16 23:08:20 qemu-vm kernel: usb 1-2: New USB device strings: Mfr=1, Product=2, SerialNumber=9
Feb 16 23:08:20 qemu-vm kernel: usb 1-2: Product: QEMU USB Mouse
Feb 16 23:08:20 qemu-vm kernel: usb 1-2: Manufacturer: QEMU
Feb 16 23:08:20 qemu-vm kernel: usb 1-2: SerialNumber: 89126-0000:00:04.0-2
Feb 16 23:08:20 qemu-vm systemd[1]: Started systemd-udevd.service - Rule-based Manager for Device Events and Files.
Feb 16 23:08:20 qemu-vm systemd[1]: Starting plymouth-start.service - Show Plymouth Boot Screen...
Feb 16 23:08:20 qemu-vm systemd[1]: Started plymouth-start.service - Show Plymouth Boot Screen.
Feb 16 23:08:20 qemu-vm systemd[1]: systemd-ask-password-console.path - Dispatch Password Requests to Console Directory Watch was skipped because of an unmet condition check (ConditionPathExists=!/run/plymouth/pid).
Feb 16 23:08:20 qemu-vm systemd[1]: Started systemd-ask-password-plymouth.path - Forward Password Requests to Plymouth Directory Watch.
Feb 16 23:08:20 qemu-vm systemd[1]: Reached target cryptsetup.target - Local Encrypted Volumes.
Feb 16 23:08:20 qemu-vm systemd[1]: Found device dev-ttyAMA0.device - /dev/ttyAMA0.
Feb 16 23:08:20 qemu-vm (udev-worker)[396]: vda: Process '/usr/bin/unshare -m /usr/bin/snap auto-import --mount=/dev/vda' failed with exit code 1.
Feb 16 23:08:20 qemu-vm (udev-worker)[395]: vda2: Process '/usr/bin/unshare -m /usr/bin/snap auto-import --mount=/dev/vda2' failed with exit code 1.
Feb 16 23:08:20 qemu-vm (udev-worker)[396]: vda1: Process '/usr/bin/unshare -m /usr/bin/snap auto-import --mount=/dev/vda1' failed with exit code 1.
Feb 16 23:08:20 qemu-vm systemd[1]: Found device dev-disk-by\x2duuid-40AE\x2d7110.device - /dev/disk/by-uuid/40AE-7110.
Feb 16 23:08:20 qemu-vm systemd[1]: Starting systemd-fsck@dev-disk-by\x2duuid-40AE\x2d7110.service - File System Check on /dev/disk/by-uuid/40AE-7110...
Feb 16 23:08:20 qemu-vm systemd[1]: Started systemd-fsckd.service - File System Check Daemon to report status.
Feb 16 23:08:20 qemu-vm systemd-fsck[414]: fsck.fat 4.2 (2021-01-31)
Feb 16 23:08:20 qemu-vm systemd-fsck[414]: /dev/vda1: 11 files, 1627/274657 clusters
Feb 16 23:08:20 qemu-vm systemd[1]: Finished systemd-fsck@dev-disk-by\x2duuid-40AE\x2d7110.service - File System Check on /dev/disk/by-uuid/40AE-7110.
Feb 16 23:08:20 qemu-vm kernel: usb 1-3: new high-speed USB device number 4 using xhci_hcd
Feb 16 23:08:20 qemu-vm systemd[1]: systemd-ask-password-console.path - Dispatch Password Requests to Console Directory Watch was skipped because of an unmet condition check (ConditionPathExists=!/run/plymouth/pid).
Feb 16 23:08:20 qemu-vm systemd[1]: Starting modprobe@efi_pstore.service - Load Kernel Module efi_pstore...
Feb 16 23:08:20 qemu-vm systemd[1]: systemd-fsck-root.service - File System Check on Root Device was skipped because of an unmet condition check (ConditionPathExists=!/run/initramfs/fsck-root).
Feb 16 23:08:20 qemu-vm systemd[1]: systemd-hibernate-clear.service - Clear Stale Hibernate Storage Info was skipped because of an unmet condition check (ConditionPathExists=/sys/firmware/efi/efivars/HibernateLocation-8cf2644b-4b0b-428f-9387-6d876050dc67).
Feb 16 23:08:20 qemu-vm systemd[1]: systemd-hwdb-update.service - Rebuild Hardware Database was skipped because of an unmet condition check (ConditionNeedsUpdate=/etc).
Feb 16 23:08:20 qemu-vm systemd[1]: systemd-pcrmachine.service - TPM PCR Machine ID Measurement was skipped because of an unmet condition check (ConditionSecurity=measured-uki).
Feb 16 23:08:20 qemu-vm systemd[1]: systemd-sysusers.service - Create System Users was skipped because no trigger condition checks were met.
Feb 16 23:08:20 qemu-vm systemd[1]: systemd-tpm2-setup-early.service - Early TPM SRK Setup was skipped because of an unmet condition check (ConditionSecurity=measured-uki).
Feb 16 23:08:20 qemu-vm systemd[1]: systemd-tpm2-setup.service - TPM SRK Setup was skipped because of an unmet condition check (ConditionSecurity=measured-uki).
Feb 16 23:08:20 qemu-vm systemd[1]: modprobe@efi_pstore.service: Deactivated successfully.
Feb 16 23:08:20 qemu-vm systemd[1]: Finished modprobe@efi_pstore.service - Load Kernel Module efi_pstore.
Feb 16 23:08:20 qemu-vm systemd[1]: systemd-pstore.service - Platform Persistent Storage Archival was skipped because of an unmet condition check (ConditionDirectoryNotEmpty=/sys/fs/pstore).
Feb 16 23:08:20 qemu-vm kernel: netfs: FS-Cache loaded
Feb 16 23:08:20 qemu-vm kernel: 9pnet: Installing 9P2000 support
Feb 16 23:08:20 qemu-vm systemd[1]: Listening on systemd-rfkill.socket - Load/Save RF Kill Switch Status /dev/rfkill Watch.
Feb 16 23:08:20 qemu-vm kernel: usb 1-3: New USB device found, idVendor=0627, idProduct=0001, bcdDevice= 0.00
Feb 16 23:08:20 qemu-vm kernel: usb 1-3: New USB device strings: Mfr=1, Product=4, SerialNumber=11
Feb 16 23:08:20 qemu-vm kernel: usb 1-3: Product: QEMU USB Keyboard
Feb 16 23:08:20 qemu-vm kernel: usb 1-3: Manufacturer: QEMU
Feb 16 23:08:20 qemu-vm kernel: usb 1-3: SerialNumber: 68284-0000:00:04.0-3
Feb 16 23:08:20 qemu-vm kernel: snd_hda_intel 0000:00:03.0: enabling device (0000 -> 0002)
Feb 16 23:08:20 qemu-vm kernel: snd_hda_intel 0000:00:03.0: Force to snoop mode by module option
Feb 16 23:08:20 qemu-vm kernel: snd_hda_codec_generic hdaudioC0D0: autoconfig for Generic: line_outs=1 (0x3/0x0/0x0/0x0/0x0) type:line
Feb 16 23:08:20 qemu-vm kernel: snd_hda_codec_generic hdaudioC0D0:    speaker_outs=0 (0x0/0x0/0x0/0x0/0x0)
Feb 16 23:08:20 qemu-vm kernel: snd_hda_codec_generic hdaudioC0D0:    hp_outs=0 (0x0/0x0/0x0/0x0/0x0)
Feb 16 23:08:20 qemu-vm kernel: snd_hda_codec_generic hdaudioC0D0:    mono: mono_out=0x0
Feb 16 23:08:20 qemu-vm kernel: snd_hda_codec_generic hdaudioC0D0:    inputs:
Feb 16 23:08:20 qemu-vm kernel: snd_hda_codec_generic hdaudioC0D0:      Line=0x5
Feb 16 23:08:20 qemu-vm systemd[1]: systemd-ask-password-console.path - Dispatch Password Requests to Console Directory Watch was skipped because of an unmet condition check (ConditionPathExists=!/run/plymouth/pid).
Feb 16 23:08:20 qemu-vm systemd[1]: Starting modprobe@efi_pstore.service - Load Kernel Module efi_pstore...
Feb 16 23:08:20 qemu-vm systemd[1]: systemd-fsck-root.service - File System Check on Root Device was skipped because of an unmet condition check (ConditionPathExists=!/run/initramfs/fsck-root).
Feb 16 23:08:20 qemu-vm systemd[1]: systemd-hibernate-clear.service - Clear Stale Hibernate Storage Info was skipped because of an unmet condition check (ConditionPathExists=/sys/firmware/efi/efivars/HibernateLocation-8cf2644b-4b0b-428f-9387-6d876050dc67).
Feb 16 23:08:20 qemu-vm systemd[1]: systemd-hwdb-update.service - Rebuild Hardware Database was skipped because of an unmet condition check (ConditionNeedsUpdate=/etc).
Feb 16 23:08:20 qemu-vm systemd[1]: systemd-pcrmachine.service - TPM PCR Machine ID Measurement was skipped because of an unmet condition check (ConditionSecurity=measured-uki).
Feb 16 23:08:20 qemu-vm systemd[1]: systemd-sysusers.service - Create System Users was skipped because no trigger condition checks were met.
Feb 16 23:08:20 qemu-vm systemd[1]: systemd-tpm2-setup-early.service - Early TPM SRK Setup was skipped because of an unmet condition check (ConditionSecurity=measured-uki).
Feb 16 23:08:20 qemu-vm systemd[1]: systemd-tpm2-setup.service - TPM SRK Setup was skipped because of an unmet condition check (ConditionSecurity=measured-uki).
Feb 16 23:08:20 qemu-vm systemd[1]: modprobe@efi_pstore.service: Deactivated successfully.
Feb 16 23:08:20 qemu-vm systemd[1]: Finished modprobe@efi_pstore.service - Load Kernel Module efi_pstore.
Feb 16 23:08:20 qemu-vm systemd[1]: systemd-pstore.service - Platform Persistent Storage Archival was skipped because of an unmet condition check (ConditionDirectoryNotEmpty=/sys/fs/pstore).
Feb 16 23:08:20 qemu-vm kernel: usb 1-4: new full-speed USB device number 5 using xhci_hcd
Feb 16 23:08:20 qemu-vm kernel: usb 1-4: New USB device found, idVendor=0409, idProduct=55aa, bcdDevice= 1.01
Feb 16 23:08:20 qemu-vm kernel: usb 1-4: New USB device strings: Mfr=1, Product=2, SerialNumber=3
Feb 16 23:08:20 qemu-vm kernel: usb 1-4: Product: QEMU USB Hub
Feb 16 23:08:20 qemu-vm kernel: usb 1-4: Manufacturer: QEMU
Feb 16 23:08:20 qemu-vm kernel: usb 1-4: SerialNumber: 314159-0000:00:04.0-4
Feb 16 23:08:20 qemu-vm kernel: hub 1-4:1.0: USB hub found
Feb 16 23:08:20 qemu-vm kernel: hub 1-4:1.0: 8 ports detected
Feb 16 23:08:20 qemu-vm mtp-probe[558]: checking bus 1, device 2: "/sys/devices/pci0000:00/0000:00:04.0/usb1/1-1"
Feb 16 23:08:20 qemu-vm mtp-probe[557]: checking bus 1, device 4: "/sys/devices/pci0000:00/0000:00:04.0/usb1/1-3"
Feb 16 23:08:20 qemu-vm mtp-probe[559]: checking bus 1, device 3: "/sys/devices/pci0000:00/0000:00:04.0/usb1/1-2"
Feb 16 23:08:20 qemu-vm mtp-probe[558]: bus: 1, device: 2 was not an MTP device
Feb 16 23:08:20 qemu-vm mtp-probe[559]: bus: 1, device: 3 was not an MTP device
Feb 16 23:08:20 qemu-vm mtp-probe[557]: bus: 1, device: 4 was not an MTP device
Feb 16 23:08:20 qemu-vm kernel: hid: raw HID events driver (C) Jiri Kosina
Feb 16 23:08:20 qemu-vm kernel: usbcore: registered new interface driver usbhid
Feb 16 23:08:20 qemu-vm kernel: usbhid: USB HID core driver
Feb 16 23:08:20 qemu-vm mtp-probe[560]: checking bus 1, device 4: "/sys/devices/pci0000:00/0000:00:04.0/usb1/1-3"
Feb 16 23:08:20 qemu-vm mtp-probe[560]: bus: 1, device: 4 was not an MTP device
Feb 16 23:08:20 qemu-vm mtp-probe[561]: checking bus 1, device 3: "/sys/devices/pci0000:00/0000:00:04.0/usb1/1-2"
Feb 16 23:08:20 qemu-vm kernel: input: QEMU QEMU USB Tablet as /devices/pci0000:00/0000:00:04.0/usb1/1-1/1-1:1.0/0003:0627:0001.0001/input/input1
Feb 16 23:08:20 qemu-vm kernel: hid-generic 0003:0627:0001.0001: input,hidraw0: USB HID v0.01 Mouse [QEMU QEMU USB Tablet] on usb-0000:00:04.0-1/input0
Feb 16 23:08:20 qemu-vm kernel: input: QEMU QEMU USB Mouse as /devices/pci0000:00/0000:00:04.0/usb1/1-2/1-2:1.0/0003:0627:0001.0002/input/input2
Feb 16 23:08:20 qemu-vm kernel: hid-generic 0003:0627:0001.0002: input,hidraw1: USB HID v0.01 Mouse [QEMU QEMU USB Mouse] on usb-0000:00:04.0-2/input0
Feb 16 23:08:20 qemu-vm kernel: input: QEMU QEMU USB Keyboard as /devices/pci0000:00/0000:00:04.0/usb1/1-3/1-3:1.0/0003:0627:0001.0003/input/input3
Feb 16 23:08:20 qemu-vm mtp-probe[561]: bus: 1, device: 3 was not an MTP device
Feb 16 23:08:20 qemu-vm kernel: hid-generic 0003:0627:0001.0003: input,hidraw2: USB HID v1.11 Keyboard [QEMU QEMU USB Keyboard] on usb-0000:00:04.0-3/input0
Feb 16 23:08:21 qemu-vm kernel: usb 1-4.1: new full-speed USB device number 6 using xhci_hcd
Feb 16 23:08:21 qemu-vm kernel: usb 1-4.1: not running at top speed; connect to a high speed hub
Feb 16 23:08:21 qemu-vm kernel: usb 1-4.1: New USB device found, idVendor=46f4, idProduct=0001, bcdDevice= 0.00
Feb 16 23:08:21 qemu-vm kernel: usb 1-4.1: New USB device strings: Mfr=1, Product=2, SerialNumber=3
Feb 16 23:08:21 qemu-vm kernel: usb 1-4.1: Product: QEMU USB HARDDRIVE
Feb 16 23:08:21 qemu-vm kernel: usb 1-4.1: Manufacturer: QEMU
Feb 16 23:08:21 qemu-vm kernel: usb 1-4.1: SerialNumber: 1-0000:00:04.0-4.1
Feb 16 23:08:21 qemu-vm mtp-probe[568]: checking bus 1, device 6: "/sys/devices/pci0000:00/0000:00:04.0/usb1/1-4/1-4.1"
Feb 16 23:08:21 qemu-vm mtp-probe[568]: bus: 1, device: 6 was not an MTP device
Feb 16 23:08:21 qemu-vm kernel: usb-storage 1-4.1:1.0: USB Mass Storage device detected
Feb 16 23:08:21 qemu-vm kernel: scsi host0: usb-storage 1-4.1:1.0
Feb 16 23:08:21 qemu-vm kernel: usbcore: registered new interface driver usb-storage
Feb 16 23:08:21 qemu-vm kernel: usbcore: registered new interface driver uas
Feb 16 23:08:21 qemu-vm mtp-probe[573]: checking bus 1, device 6: "/sys/devices/pci0000:00/0000:00:04.0/usb1/1-4/1-4.1"
Feb 16 23:08:21 qemu-vm mtp-probe[573]: bus: 1, device: 6 was not an MTP device
Feb 16 23:08:21 qemu-vm systemd[1]: Mounting boot-efi.mount - /boot/efi...
Feb 16 23:08:21 qemu-vm systemd[1]: Mounting snap-bare-5.mount - Mount unit for bare, revision 5...
Feb 16 23:08:21 qemu-vm systemd[1]: Mounting snap-core22-1624.mount - Mount unit for core22, revision 1624...
Feb 16 23:08:21 qemu-vm systemd[1]: Mounting snap-core22-1752.mount - Mount unit for core22, revision 1752...
Feb 16 23:08:21 qemu-vm kernel: loop0: detected capacity change from 0 to 8
Feb 16 23:08:21 qemu-vm kernel: loop1: detected capacity change from 0 to 141744
Feb 16 23:08:21 qemu-vm systemd[1]: Mounting snap-desktop\x2dsecurity\x2dcenter-33.mount - Mount unit for desktop-security-center, revision 33...
Feb 16 23:08:21 qemu-vm systemd[1]: Mounting snap-desktop\x2dsecurity\x2dcenter-52.mount - Mount unit for desktop-security-center, revision 52...
Feb 16 23:08:21 qemu-vm kernel: loop2: detected capacity change from 0 to 140992
Feb 16 23:08:21 qemu-vm systemd[1]: Mounting snap-firefox-5015.mount - Mount unit for firefox, revision 5015...
Feb 16 23:08:21 qemu-vm kernel: loop3: detected capacity change from 0 to 23312
Feb 16 23:08:21 qemu-vm kernel: loop4: detected capacity change from 0 to 23376
Feb 16 23:08:21 qemu-vm systemd[1]: Mounting snap-firefox-5698.mount - Mount unit for firefox, revision 5698...
Feb 16 23:08:21 qemu-vm kernel: loop5: detected capacity change from 0 to 508776
Feb 16 23:08:21 qemu-vm systemd[1]: Mounting snap-gnome\x2d42\x2d2204-178.mount - Mount unit for gnome-42-2204, revision 178...
Feb 16 23:08:21 qemu-vm systemd[1]: Mounting snap-gtk\x2dcommon\x2dthemes-1535.mount - Mount unit for gtk-common-themes, revision 1535...
Feb 16 23:08:21 qemu-vm kernel: loop6: detected capacity change from 0 to 481176
Feb 16 23:08:21 qemu-vm systemd[1]: Mounting snap-gtk\x2dcommon\x2dthemes-1536.mount - Mount unit for gtk-common-themes, revision 1536...
Feb 16 23:08:21 qemu-vm kernel: loop7: detected capacity change from 0 to 187776
Feb 16 23:08:21 qemu-vm systemd[1]: Mounting snap-prompting\x2dclient-52.mount - Mount unit for prompting-client, revision 52...
Feb 16 23:08:21 qemu-vm kernel: loop8: detected capacity change from 0 to 989864
Feb 16 23:08:21 qemu-vm kernel: loop9: detected capacity change from 0 to 183680
Feb 16 23:08:21 qemu-vm systemd[1]: Mounting snap-prompting\x2dclient-88.mount - Mount unit for prompting-client, revision 88...
Feb 16 23:08:21 qemu-vm kernel: loop10: detected capacity change from 0 to 25968
Feb 16 23:08:21 qemu-vm systemd[1]: Mounting snap-snap\x2dstore-1219.mount - Mount unit for snap-store, revision 1219...
Feb 16 23:08:21 qemu-vm systemd[1]: Mounting snap-snapd-21761.mount - Mount unit for snapd, revision 21761...
Feb 16 23:08:21 qemu-vm kernel: loop11: detected capacity change from 0 to 20248
Feb 16 23:08:21 qemu-vm systemd[1]: Mounting snap-snapd-23546.mount - Mount unit for snapd, revision 23546...
Feb 16 23:08:21 qemu-vm kernel: loop12: detected capacity change from 0 to 26656
Feb 16 23:08:21 qemu-vm systemd[1]: Mounting snap-snapd\x2ddesktop\x2dintegration-249.mount - Mount unit for snapd-desktop-integration, revision 249...
Feb 16 23:08:21 qemu-vm systemd[1]: Mounted boot-efi.mount - /boot/efi.
Feb 16 23:08:21 qemu-vm systemd[1]: Mounted snap-bare-5.mount - Mount unit for bare, revision 5.
Feb 16 23:08:21 qemu-vm kernel: loop14: detected capacity change from 0 to 69032
Feb 16 23:08:21 qemu-vm systemd[1]: Mounted snap-core22-1624.mount - Mount unit for core22, revision 1624.
Feb 16 23:08:21 qemu-vm systemd[1]: Mounted snap-core22-1752.mount - Mount unit for core22, revision 1752.
Feb 16 23:08:21 qemu-vm systemd[1]: Mounted snap-desktop\x2dsecurity\x2dcenter-33.mount - Mount unit for desktop-security-center, revision 33.
Feb 16 23:08:21 qemu-vm systemd[1]: Mounted snap-desktop\x2dsecurity\x2dcenter-52.mount - Mount unit for desktop-security-center, revision 52.
Feb 16 23:08:21 qemu-vm systemd[1]: Mounted snap-firefox-5015.mount - Mount unit for firefox, revision 5015.
Feb 16 23:08:21 qemu-vm systemd[1]: Mounted snap-firefox-5698.mount - Mount unit for firefox, revision 5698.
Feb 16 23:08:21 qemu-vm systemd[1]: Mounted snap-gnome\x2d42\x2d2204-178.mount - Mount unit for gnome-42-2204, revision 178.
Feb 16 23:08:21 qemu-vm systemd[1]: Mounted snap-gtk\x2dcommon\x2dthemes-1535.mount - Mount unit for gtk-common-themes, revision 1535.
Feb 16 23:08:21 qemu-vm systemd[1]: Mounted snap-gtk\x2dcommon\x2dthemes-1536.mount - Mount unit for gtk-common-themes, revision 1536.
Feb 16 23:08:21 qemu-vm systemd[1]: Mounted snap-prompting\x2dclient-52.mount - Mount unit for prompting-client, revision 52.
Feb 16 23:08:21 qemu-vm systemd[1]: Mounted snap-prompting\x2dclient-88.mount - Mount unit for prompting-client, revision 88.
Feb 16 23:08:21 qemu-vm systemd[1]: Mounted snap-snap\x2dstore-1219.mount - Mount unit for snap-store, revision 1219.
Feb 16 23:08:21 qemu-vm kernel: loop13: detected capacity change from 0 to 79232
Feb 16 23:08:21 qemu-vm kernel: loop15: detected capacity change from 0 to 1088
Feb 16 23:08:21 qemu-vm systemd[1]: Mounted snap-snapd-21761.mount - Mount unit for snapd, revision 21761.
Feb 16 23:08:21 qemu-vm systemd[1]: Mounted snap-snapd-23546.mount - Mount unit for snapd, revision 23546.
Feb 16 23:08:21 qemu-vm systemd[1]: Mounted snap-snapd\x2ddesktop\x2dintegration-249.mount - Mount unit for snapd-desktop-integration, revision 249.
Feb 16 23:08:21 qemu-vm systemd[1]: Reached target snapd.mounts.target - Mounted snaps.
Feb 16 23:08:21 qemu-vm systemd[1]: Reached target local-fs.target - Local File Systems.
Feb 16 23:08:21 qemu-vm systemd[1]: Listening on systemd-sysext.socket - System Extension Image Management.
Feb 16 23:08:21 qemu-vm systemd[1]: Starting apparmor.service - Load AppArmor profiles...
Feb 16 23:08:21 qemu-vm systemd[1]: Starting console-setup.service - Set console font and keymap...
Feb 16 23:08:21 qemu-vm systemd[1]: Starting kdump-tools.service - Kernel crash dump capture service...
Feb 16 23:08:21 qemu-vm systemd[1]: ldconfig.service - Rebuild Dynamic Linker Cache was skipped because no trigger condition checks were met.
Feb 16 23:08:21 qemu-vm systemd[1]: Starting plymouth-read-write.service - Tell Plymouth To Write Out Runtime Data...
Feb 16 23:08:21 qemu-vm systemd[1]: Starting systemd-binfmt.service - Set Up Additional Binary Formats...
Feb 16 23:08:21 qemu-vm systemd[1]: Starting systemd-tmpfiles-setup.service - Create System Files and Directories...
Feb 16 23:08:21 qemu-vm systemd[1]: Starting ufw.service - Uncomplicated firewall...
Feb 16 23:08:21 qemu-vm systemd[1]: Finished console-setup.service - Set console font and keymap.
Feb 16 23:08:21 qemu-vm systemd[1]: proc-sys-fs-binfmt_misc.automount: Got automount request for /proc/sys/fs/binfmt_misc, triggered by 618 (systemd-binfmt)
Feb 16 23:08:21 qemu-vm apparmor.systemd[614]: Restarting AppArmor
Feb 16 23:08:21 qemu-vm systemd[1]: Finished ufw.service - Uncomplicated firewall.
Feb 16 23:08:21 qemu-vm systemd-tmpfiles[621]: /usr/lib/tmpfiles.d/legacy.conf:13: Duplicate line for path "/run/lock", ignoring.
Feb 16 23:08:21 qemu-vm systemd[1]: Reached target network-pre.target - Preparation for Network.
Feb 16 23:08:21 qemu-vm apparmor.systemd[614]: Reloading AppArmor profiles
Feb 16 23:08:21 qemu-vm systemd[1]: Received SIGRTMIN+20 from PID 229 (plymouthd).
Feb 16 23:08:21 qemu-vm systemd[1]: Finished plymouth-read-write.service - Tell Plymouth To Write Out Runtime Data.
Feb 16 23:08:21 qemu-vm systemd[1]: Finished systemd-tmpfiles-setup.service - Create System Files and Directories.
Feb 16 23:08:21 qemu-vm systemd[1]: systemd-firstboot.service - First Boot Wizard was skipped because of an unmet condition check (ConditionFirstBoot=yes).
Feb 16 23:08:21 qemu-vm systemd[1]: first-boot-complete.target - First Boot Complete was skipped because of an unmet condition check (ConditionFirstBoot=yes).
Feb 16 23:08:21 qemu-vm systemd[1]: systemd-journal-catalog-update.service - Rebuild Journal Catalog was skipped because of an unmet condition check (ConditionNeedsUpdate=/var).
Feb 16 23:08:21 qemu-vm systemd[1]: systemd-machine-id-commit.service - Save Transient machine-id to Disk was skipped because of an unmet condition check (ConditionPathIsMountPoint=/etc/machine-id).
Feb 16 23:08:21 qemu-vm kernel: audit: type=1400 audit(1739736501.264:2): apparmor="STATUS" operation="profile_load" profile="unconfined" name=4D6F6E676F444220436F6D70617373 pid=644 comm="apparmor_parser"
Feb 16 23:08:21 qemu-vm kernel: audit: type=1400 audit(1739736501.264:3): apparmor="STATUS" operation="profile_load" profile="unconfined" name="1password" pid=642 comm="apparmor_parser"
Feb 16 23:08:21 qemu-vm kernel: audit: type=1400 audit(1739736501.265:4): apparmor="STATUS" operation="profile_load" profile="unconfined" name="QtWebEngineProcess" pid=645 comm="apparmor_parser"
Feb 16 23:08:21 qemu-vm kernel: audit: type=1400 audit(1739736501.265:5): apparmor="STATUS" operation="profile_load" profile="unconfined" name="Discord" pid=643 comm="apparmor_parser"
Feb 16 23:08:21 qemu-vm kernel: audit: type=1400 audit(1739736501.266:6): apparmor="STATUS" operation="profile_load" profile="unconfined" name="balena-etcher" pid=650 comm="apparmor_parser"
Feb 16 23:08:21 qemu-vm kernel: audit: type=1400 audit(1739736501.266:7): apparmor="STATUS" operation="profile_load" profile="unconfined" name="buildah" pid=652 comm="apparmor_parser"
Feb 16 23:08:21 qemu-vm kernel: audit: type=1400 audit(1739736501.266:8): apparmor="STATUS" operation="profile_load" profile="unconfined" name="brave" pid=651 comm="apparmor_parser"
Feb 16 23:08:21 qemu-vm systemd[1]: Starting systemd-oomd.service - Userspace Out-Of-Memory (OOM) Killer...
Feb 16 23:08:21 qemu-vm kernel: audit: type=1400 audit(1739736501.268:9): apparmor="STATUS" operation="profile_load" profile="unconfined" name="cam" pid=654 comm="apparmor_parser"
Feb 16 23:08:21 qemu-vm kernel: audit: type=1400 audit(1739736501.268:10): apparmor="STATUS" operation="profile_load" profile="unconfined" name="busybox" pid=653 comm="apparmor_parser"
Feb 16 23:08:21 qemu-vm systemd[1]: Starting systemd-resolved.service - Network Name Resolution...
Feb 16 23:08:21 qemu-vm systemd[1]: Starting systemd-timesyncd.service - Network Time Synchronization...
Feb 16 23:08:21 qemu-vm systemd[1]: systemd-update-done.service - Update is Completed was skipped because no trigger condition checks were met.
Feb 16 23:08:21 qemu-vm systemd[1]: Starting systemd-update-utmp.service - Record System Boot/Shutdown in UTMP...
Feb 16 23:08:21 qemu-vm systemd[1]: Finished systemd-update-utmp.service - Record System Boot/Shutdown in UTMP.
Feb 16 23:08:21 qemu-vm kdump-tools[639]: Starting kdump-tools:
Feb 16 23:08:21 qemu-vm kdump-tools[697]:  * Creating symlink /var/lib/kdump/vmlinuz
Feb 16 23:08:21 qemu-vm kdump-tools[697]:  * Creating symlink /var/lib/kdump/initrd.img
Feb 16 23:08:21 qemu-vm apparmor.systemd[786]: Warning: found usr.sbin.sssd in /etc/apparmor.d/force-complain, forcing complain mode
Feb 16 23:08:21 qemu-vm apparmor.systemd[786]: Warning from /etc/apparmor.d (/etc/apparmor.d/usr.sbin.sssd line 63): Caching disabled for: 'usr.sbin.sssd' due to force complain
Feb 16 23:08:21 qemu-vm systemd[1]: Finished apparmor.service - Load AppArmor profiles.
Feb 16 23:08:21 qemu-vm systemd[1]: Starting snapd.apparmor.service - Load AppArmor profiles managed internally by snapd...
Feb 16 23:08:21 qemu-vm kdump-tools[697]:  * loaded kdump kernel
Feb 16 23:08:21 qemu-vm kdump-tools[809]: /sbin/kexec -p --command-line="BOOT_IMAGE=/boot/vmlinuz-6.11.0-14-generic root=UUID=0f517486-5e07-4c81-ae2a-9c9bf8ee248f ro quiet splash vt.handoff=7 reset_devices systemd.unit=kdump-tools-dump.service nr_cpus=1" --initrd=/var/lib/kdump/initrd.img /var/lib/kdump/vmlinuz
Feb 16 23:08:21 qemu-vm kdump-tools[810]: loaded kdump kernel
Feb 16 23:08:21 qemu-vm systemd[1]: Finished kdump-tools.service - Kernel crash dump capture service.
Feb 16 23:08:22 qemu-vm kernel: scsi 0:0:0:0: CD-ROM            QEMU     QEMU CD-ROM      2.5+ PQ: 0 ANSI: 5
Feb 16 23:08:22 qemu-vm kernel: sr 0:0:0:0: [sr0] scsi3-mmc drive: 16x/50x cd/rw xa/form2 cdda tray
Feb 16 23:08:22 qemu-vm kernel: cdrom: Uniform CD-ROM driver Revision: 3.20
Feb 16 23:08:22 qemu-vm kernel: sr 0:0:0:0: Attached scsi CD-ROM sr0
Feb 16 23:08:22 qemu-vm kernel: sr 0:0:0:0: Attached scsi generic sg0 type 5
Feb 16 23:08:22 qemu-vm systemd[1]: Mounting proc-sys-fs-binfmt_misc.mount - Arbitrary Executable File Formats File System...
Feb 16 23:08:22 qemu-vm (udev-worker)[396]: sr0: Process '/usr/bin/unshare -m /usr/bin/snap auto-import --mount=/dev/sr0' failed with exit code 1.
Feb 16 23:08:22 qemu-vm systemd[1]: Mounted proc-sys-fs-binfmt_misc.mount - Arbitrary Executable File Formats File System.
Feb 16 23:08:22 qemu-vm systemd[1]: Finished systemd-binfmt.service - Set Up Additional Binary Formats.
Feb 16 23:08:22 qemu-vm systemd[1]: Started systemd-timesyncd.service - Network Time Synchronization.
Feb 16 23:08:22 qemu-vm systemd[1]: Reached target time-set.target - System Time Set.
Feb 16 23:08:22 qemu-vm systemd[1]: Started systemd-oomd.service - Userspace Out-Of-Memory (OOM) Killer.
Feb 16 23:08:22 qemu-vm systemd-resolved[657]: Positive Trust Anchors:
Feb 16 23:08:22 qemu-vm systemd-resolved[657]: . IN DS 20326 8 2 e06d44b80b8f1d39a95c0b0d7c65d08458e880409bbc683457104237c7f8ec8d
Feb 16 23:08:22 qemu-vm systemd-resolved[657]: Negative trust anchors: home.arpa 10.in-addr.arpa 16.172.in-addr.arpa 17.172.in-addr.arpa 18.172.in-addr.arpa 19.172.in-addr.arpa 20.172.in-addr.arpa 21.172.in-addr.arpa 22.172.in-addr.arpa 23.172.in-addr.arpa 24.172.in-addr.arpa 25.172.in-addr.arpa 26.172.in-addr.arpa 27.172.in-addr.arpa 28.172.in-addr.arpa 29.172.in-addr.arpa 30.172.in-addr.arpa 31.172.in-addr.arpa 170.0.0.192.in-addr.arpa 171.0.0.192.in-addr.arpa 168.192.in-addr.arpa d.f.ip6.arpa ipv4only.arpa resolver.arpa corp home internal intranet lan local private test
Feb 16 23:08:22 qemu-vm systemd-resolved[657]: Using system hostname 'qemu-vm'.
Feb 16 23:08:22 qemu-vm systemd[1]: Started systemd-resolved.service - Network Name Resolution.
Feb 16 23:08:22 qemu-vm systemd[1]: Reached target nss-lookup.target - Host and Network Name Lookups.
Feb 16 23:08:22 qemu-vm snapd-apparmor[801]: main.go:146: Loading profiles [/var/lib/snapd/apparmor/profiles/snap-confine.snapd.21761 /var/lib/snapd/apparmor/profiles/snap-confine.snapd.23546 /var/lib/snapd/apparmor/profiles/snap-update-ns.desktop-security-center /var/lib/snapd/apparmor/profiles/snap-update-ns.firefox /var/lib/snapd/apparmor/profiles/snap-update-ns.prompting-client /var/lib/snapd/apparmor/profiles/snap-update-ns.snap-store /var/lib/snapd/apparmor/profiles/snap-update-ns.snapd-desktop-integration /var/lib/snapd/apparmor/profiles/snap.desktop-security-center.desktop-security-center /var/lib/snapd/apparmor/profiles/snap.desktop-security-center.hook.configure /var/lib/snapd/apparmor/profiles/snap.firefox.firefox /var/lib/snapd/apparmor/profiles/snap.firefox.geckodriver /var/lib/snapd/apparmor/profiles/snap.firefox.hook.configure /var/lib/snapd/apparmor/profiles/snap.firefox.hook.disconnect-plug-host-hunspell /var/lib/snapd/apparmor/profiles/snap.firefox.hook.install /var/lib/snapd/apparmor/profiles/snap.firefox.hook.post-refresh /var/lib/snapd/apparmor/profiles/snap.prompting-client.daemon /var/lib/snapd/apparmor/profiles/snap.prompting-client.echo /var/lib/snapd/apparmor/profiles/snap.prompting-client.hook.configure /var/lib/snapd/apparmor/profiles/snap.prompting-client.logging-level /var/lib/snapd/apparmor/profiles/snap.prompting-client.scripted /var/lib/snapd/apparmor/profiles/snap.snap-store.hook.configure /var/lib/snapd/apparmor/profiles/snap.snap-store.show-updates /var/lib/snapd/apparmor/profiles/snap.snap-store.snap-store /var/lib/snapd/apparmor/profiles/snap.snapd-desktop-integration.hook.configure /var/lib/snapd/apparmor/profiles/snap.snapd-desktop-integration.snapd-desktop-integration]
Feb 16 23:08:22 qemu-vm systemd[1]: Finished snapd.apparmor.service - Load AppArmor profiles managed internally by snapd.
Feb 16 23:08:22 qemu-vm systemd[1]: Reached target sysinit.target - System Initialization.
Feb 16 23:08:22 qemu-vm systemd[1]: apport-autoreport.path - Process error reports when automatic reporting is enabled (file watch) was skipped because of an unmet condition check (ConditionPathExists=/var/lib/apport/autoreport).
Feb 16 23:08:22 qemu-vm systemd[1]: Started cups.path - CUPS Scheduler.
Feb 16 23:08:22 qemu-vm systemd[1]: tpm-udev.path - Handle dynamically added tpm devices was skipped because of an unmet condition check (ConditionVirtualization=container).
Feb 16 23:08:22 qemu-vm systemd[1]: Started whoopsie.path - Start whoopsie on modification of the /var/crash directory.
Feb 16 23:08:22 qemu-vm systemd[1]: Started anacron.timer - Trigger anacron every hour.
Feb 16 23:08:22 qemu-vm systemd[1]: apport-autoreport.timer - Process error reports when automatic reporting is enabled (timer based) was skipped because of an unmet condition check (ConditionPathExists=/var/lib/apport/autoreport).
Feb 16 23:08:22 qemu-vm systemd[1]: Started apt-daily.timer - Daily apt download activities.
Feb 16 23:08:22 qemu-vm systemd[1]: Started apt-daily-upgrade.timer - Daily apt upgrade and clean activities.
Feb 16 23:08:22 qemu-vm systemd[1]: Started dpkg-db-backup.timer - Daily dpkg database backup timer.
Feb 16 23:08:22 qemu-vm systemd[1]: Started e2scrub_all.timer - Periodic ext4 Online Metadata Check for All Filesystems.
Feb 16 23:08:22 qemu-vm systemd[1]: Started fstrim.timer - Discard unused filesystem blocks once a week.
Feb 16 23:08:22 qemu-vm systemd[1]: Started fwupd-refresh.timer - Refresh fwupd metadata regularly.
Feb 16 23:08:22 qemu-vm systemd[1]: Started logrotate.timer - Daily rotation of log files.
Feb 16 23:08:22 qemu-vm systemd[1]: Started man-db.timer - Daily man-db regeneration.
Feb 16 23:08:22 qemu-vm systemd[1]: Started motd-news.timer - Message of the Day.
Feb 16 23:08:22 qemu-vm systemd[1]: snapd.snap-repair.timer - Timer to automatically fetch and run repair assertions was skipped because no trigger condition checks were met.
Feb 16 23:08:22 qemu-vm systemd[1]: Started sysstat-collect.timer - Run system activity accounting tool every 10 minutes.
Feb 16 23:08:22 qemu-vm systemd[1]: Started sysstat-rotate.timer - Rotate daily system activity data file at midnight.
Feb 16 23:08:22 qemu-vm systemd[1]: Started sysstat-summary.timer - Generate summary of yesterday's process accounting.
Feb 16 23:08:22 qemu-vm systemd[1]: Started systemd-tmpfiles-clean.timer - Daily Cleanup of Temporary Directories.
Feb 16 23:08:22 qemu-vm systemd[1]: ua-timer.timer - Ubuntu Pro Timer for running repeated jobs was skipped because of an unmet condition check (ConditionPathExists=/var/lib/ubuntu-advantage/private/machine-token.json).
Feb 16 23:08:22 qemu-vm systemd[1]: Reached target boot-complete.target - Boot Completion Check.
Feb 16 23:08:22 qemu-vm systemd[1]: Reached target paths.target - Path Units.
Feb 16 23:08:22 qemu-vm systemd[1]: apport-forward.socket - Unix socket for apport crash forwarding was skipped because of an unmet condition check (ConditionVirtualization=container).
Feb 16 23:08:22 qemu-vm systemd[1]: Listening on avahi-daemon.socket - Avahi mDNS/DNS-SD Stack Activation Socket.
Feb 16 23:08:22 qemu-vm systemd[1]: Listening on cups.socket - CUPS Scheduler.
Feb 16 23:08:22 qemu-vm systemd[1]: Listening on dbus.socket - D-Bus System Message Bus Socket.
Feb 16 23:08:22 qemu-vm systemd[1]: Starting snapd.socket - Socket activation for snappy daemon...
Feb 16 23:08:22 qemu-vm systemd[1]: Listening on spice-vdagentd.socket - Activation socket for spice guest agent daemon.
Feb 16 23:08:22 qemu-vm systemd[1]: Listening on ssh.socket - OpenBSD Secure Shell server socket.
Feb 16 23:08:22 qemu-vm systemd[1]: Listening on sshd-unix-local.socket - OpenSSH Server Socket (systemd-ssh-generator, AF_UNIX Local).
Feb 16 23:08:22 qemu-vm systemd[1]: Listening on sshd-vsock.socket - OpenSSH Server Socket (systemd-ssh-generator, AF_VSOCK).
Feb 16 23:08:22 qemu-vm systemd[1]: Reached target ssh-access.target - SSH Access Available.
Feb 16 23:08:22 qemu-vm systemd[1]: Listening on systemd-hostnamed.socket - Hostname Service Socket.
Feb 16 23:08:22 qemu-vm systemd[1]: Listening on uuidd.socket - UUID daemon activation socket.
Feb 16 23:08:22 qemu-vm systemd[1]: systemd-pcrphase-sysinit.service - TPM PCR Barrier (Initialization) was skipped because of an unmet condition check (ConditionSecurity=measured-uki).
Feb 16 23:08:22 qemu-vm systemd[1]: Listening on snapd.socket - Socket activation for snappy daemon.
Feb 16 23:08:22 qemu-vm systemd[1]: Reached target sockets.target - Socket Units.
Feb 16 23:08:22 qemu-vm systemd[1]: Reached target basic.target - Basic System.
Feb 16 23:08:22 qemu-vm systemd[1]: System is tainted: unmerged-bin
Feb 16 23:08:22 qemu-vm systemd[1]: Started anacron.service - Run anacron jobs.
Feb 16 23:08:22 qemu-vm systemd[1]: Starting apport.service - automatic crash report generation...
Feb 16 23:08:22 qemu-vm systemd[1]: Starting avahi-daemon.service - Avahi mDNS/DNS-SD Stack...
Feb 16 23:08:22 qemu-vm anacron[860]: Anacron 2.3 started on 2025-02-16
Feb 16 23:08:22 qemu-vm anacron[860]: Normal exit (0 jobs run)
Feb 16 23:08:22 qemu-vm systemd[1]: Starting dbus.service - D-Bus System Message Bus...
Feb 16 23:08:22 qemu-vm systemd[1]: Started dmesg.service - Save initial kernel messages after boot.
Feb 16 23:08:22 qemu-vm systemd[1]: Starting e2scrub_reap.service - Remove Stale Online ext4 Metadata Check Snapshots...
Feb 16 23:08:22 qemu-vm systemd[1]: getty-static.service - getty on tty2-tty6 if dbus and logind are not available was skipped because of an unmet condition check (ConditionPathExists=!/usr/bin/dbus-daemon).
Feb 16 23:08:22 qemu-vm avahi-daemon[862]: Found user 'avahi' (UID 107) and group 'avahi' (GID 111).
Feb 16 23:08:22 qemu-vm systemd[1]: Starting gnome-remote-desktop-configuration.service - Configure GNOME Remote Desktop...
Feb 16 23:08:22 qemu-vm systemd[1]: Starting gnome-remote-desktop.service - GNOME Remote Desktop...
Feb 16 23:08:22 qemu-vm systemd[1]: Starting grub-common.service - Record successful boot for GRUB...
Feb 16 23:08:22 qemu-vm systemd[1]: networkd-dispatcher.service - Dispatcher daemon for systemd-networkd was skipped because no trigger condition checks were met.
Feb 16 23:08:22 qemu-vm systemd[1]: Starting polkit.service - Authorization Manager...
Feb 16 23:08:22 qemu-vm systemd[1]: Starting rsyslog.service - System Logging Service...
Feb 16 23:08:22 qemu-vm systemd[1]: Starting secureboot-db.service - Secure Boot updates for DB and DBX...
Feb 16 23:08:22 qemu-vm systemd[1]: snapd.core-fixup.service - Automatically repair incorrect owner/permissions on core devices was skipped because no trigger condition checks were met.
Feb 16 23:08:22 qemu-vm systemd[1]: snapd.recovery-chooser-trigger.service - Wait for the Ubuntu Core chooser trigger was skipped because of an unmet condition check (ConditionKernelCommandLine=snapd_recovery_mode).
Feb 16 23:08:22 qemu-vm systemd[1]: Reached target getty-pre.target - Preparation for Logins.
Feb 16 23:08:22 qemu-vm systemd[1]: Starting snapd.seeded.service - Wait until snapd is fully seeded...
Feb 16 23:08:22 qemu-vm dbus-daemon[863]: [system] AppArmor D-Bus mediation is enabled
Feb 16 23:08:22 qemu-vm systemd[1]: Starting snapd.service - Snap Daemon...
Feb 16 23:08:22 qemu-vm systemd[1]: ssl-cert.service - Generate snakeoil SSL keypair was skipped because of an unmet condition check (ConditionPathExists=!/etc/ssl/private/ssl-cert-snakeoil.key).
Feb 16 23:08:22 qemu-vm systemd[1]: sssd.service - System Security Services Daemon was skipped because no trigger condition checks were met.
Feb 16 23:08:22 qemu-vm systemd[1]: Reached target nss-user-lookup.target - User and Group Name Lookups.
Feb 16 23:08:22 qemu-vm systemd[1]: sssd-nss.socket: Bound to unit sssd.service, but unit isn't active.
Feb 16 23:08:22 qemu-vm systemd[1]: Dependency failed for sssd-nss.socket - SSSD NSS Service responder socket.
Feb 16 23:08:22 qemu-vm systemd[1]: sssd-nss.socket: Job sssd-nss.socket/start failed with result 'dependency'.
Feb 16 23:08:22 qemu-vm systemd[1]: sssd-autofs.socket: Bound to unit sssd.service, but unit isn't active.
Feb 16 23:08:22 qemu-vm systemd[1]: Dependency failed for sssd-autofs.socket - SSSD AutoFS Service responder socket.
Feb 16 23:08:22 qemu-vm systemd[1]: sssd-autofs.socket: Job sssd-autofs.socket/start failed with result 'dependency'.
Feb 16 23:08:22 qemu-vm systemd[1]: sssd-pac.socket: Bound to unit sssd.service, but unit isn't active.
Feb 16 23:08:22 qemu-vm systemd[1]: Dependency failed for sssd-pac.socket - SSSD PAC Service responder socket.
Feb 16 23:08:22 qemu-vm systemd[1]: sssd-pac.socket: Job sssd-pac.socket/start failed with result 'dependency'.
Feb 16 23:08:22 qemu-vm systemd[1]: sssd-pam-priv.socket: Bound to unit sssd.service, but unit isn't active.
Feb 16 23:08:22 qemu-vm systemd[1]: Dependency failed for sssd-pam-priv.socket - SSSD PAM Service responder private socket.
Feb 16 23:08:22 qemu-vm systemd[1]: Dependency failed for sssd-pam.socket - SSSD PAM Service responder socket.
Feb 16 23:08:22 qemu-vm systemd[1]: sssd-pam.socket: Job sssd-pam.socket/start failed with result 'dependency'.
Feb 16 23:08:22 qemu-vm systemd[1]: sssd-pam-priv.socket: Job sssd-pam-priv.socket/start failed with result 'dependency'.
Feb 16 23:08:22 qemu-vm systemd[1]: sssd-ssh.socket: Bound to unit sssd.service, but unit isn't active.
Feb 16 23:08:22 qemu-vm systemd[1]: Dependency failed for sssd-ssh.socket - SSSD SSH Service responder socket.
Feb 16 23:08:22 qemu-vm systemd[1]: sssd-ssh.socket: Job sssd-ssh.socket/start failed with result 'dependency'.
Feb 16 23:08:22 qemu-vm systemd[1]: sssd-sudo.socket: Bound to unit sssd.service, but unit isn't active.
Feb 16 23:08:22 qemu-vm systemd[1]: Dependency failed for sssd-sudo.socket - SSSD Sudo Service responder socket.
Feb 16 23:08:22 qemu-vm systemd[1]: sssd-sudo.socket: Job sssd-sudo.socket/start failed with result 'dependency'.
Feb 16 23:08:22 qemu-vm systemd[1]: Starting accounts-daemon.service - Accounts Service...
Feb 16 23:08:22 qemu-vm systemd[1]: Started cron.service - Regular background program processing daemon.
Feb 16 23:08:22 qemu-vm systemd[1]: Starting switcheroo-control.service - Switcheroo Control Proxy service...
Feb 16 23:08:22 qemu-vm (cron)[880]: cron.service: Referenced but unset environment variable evaluates to an empty string: EXTRA_OPTS
Feb 16 23:08:22 qemu-vm systemd[1]: Starting sysstat.service - Resets System Activity Logs...
Feb 16 23:08:22 qemu-vm cron[880]: (CRON) INFO (pidfile fd = 3)
Feb 16 23:08:22 qemu-vm cron[880]: (CRON) INFO (Running @reboot jobs)
Feb 16 23:08:22 qemu-vm systemd[1]: Starting systemd-logind.service - User Login Management...
Feb 16 23:08:22 qemu-vm systemd[1]: systemd-pcrphase.service - TPM PCR Barrier (User) was skipped because of an unmet condition check (ConditionSecurity=measured-uki).
Feb 16 23:08:22 qemu-vm systemd[1]: ua-reboot-cmds.service - Ubuntu Pro reboot cmds was skipped because of an unmet condition check (ConditionPathExists=/var/lib/ubuntu-advantage/private/machine-token.json).
Feb 16 23:08:22 qemu-vm systemd[1]: Starting udisks2.service - Disk Manager...
Feb 16 23:08:22 qemu-vm systemd[1]: Started dbus.service - D-Bus System Message Bus.
Feb 16 23:08:22 qemu-vm systemd[1]: anacron.service: Deactivated successfully.
Feb 16 23:08:22 qemu-vm systemd[1]: e2scrub_reap.service: Deactivated successfully.
Feb 16 23:08:22 qemu-vm systemd[1]: Finished e2scrub_reap.service - Remove Stale Online ext4 Metadata Check Snapshots.
Feb 16 23:08:22 qemu-vm udisksd[894]: udisks daemon version 2.10.1 starting
Feb 16 23:08:22 qemu-vm avahi-daemon[862]: Successfully dropped root privileges.
Feb 16 23:08:22 qemu-vm avahi-daemon[862]: avahi-daemon 0.8 starting up.
Feb 16 23:08:22 qemu-vm avahi-daemon[862]: Successfully called chroot().
Feb 16 23:08:22 qemu-vm avahi-daemon[862]: Successfully dropped remaining capabilities.
Feb 16 23:08:22 qemu-vm avahi-daemon[862]: No service file found in /etc/avahi/services.
Feb 16 23:08:22 qemu-vm avahi-daemon[862]: Joining mDNS multicast group on interface lo.IPv6 with address ::1.
Feb 16 23:08:22 qemu-vm avahi-daemon[862]: New relevant interface lo.IPv6 for mDNS.
Feb 16 23:08:22 qemu-vm avahi-daemon[862]: Joining mDNS multicast group on interface lo.IPv4 with address 127.0.0.1.
Feb 16 23:08:22 qemu-vm avahi-daemon[862]: New relevant interface lo.IPv4 for mDNS.
Feb 16 23:08:22 qemu-vm avahi-daemon[862]: Network interface enumeration completed.
Feb 16 23:08:22 qemu-vm avahi-daemon[862]: Registering new address record for ::1 on lo.*.
Feb 16 23:08:22 qemu-vm avahi-daemon[862]: Registering new address record for 127.0.0.1 on lo.IPv4.
Feb 16 23:08:22 qemu-vm systemd[1]: Starting NetworkManager.service - Network Manager...
Feb 16 23:08:22 qemu-vm systemd[1]: Starting wpa_supplicant.service - WPA supplicant...
Feb 16 23:08:22 qemu-vm systemd[1]: Finished sysstat.service - Resets System Activity Logs.
Feb 16 23:08:22 qemu-vm systemd-logind[893]: New seat seat0.
Feb 16 23:08:22 qemu-vm systemd-logind[893]: Watching system buttons on /dev/input/event0 (Power Button)
Feb 16 23:08:22 qemu-vm systemd-logind[893]: Watching system buttons on /dev/input/event3 (QEMU QEMU USB Keyboard)
Feb 16 23:08:22 qemu-vm systemd[1]: Started systemd-logind.service - User Login Management.
Feb 16 23:08:22 qemu-vm dbus-daemon[863]: [system] Activating via systemd: service name='org.freedesktop.PolicyKit1' unit='polkit.service' requested by ':1.4' (uid=0 pid=894 comm="/usr/libexec/udisks2/udisksd" label="unconfined")
Feb 16 23:08:22 qemu-vm systemd[1]: grub-common.service: Deactivated successfully.
Feb 16 23:08:22 qemu-vm systemd[1]: Finished grub-common.service - Record successful boot for GRUB.
Feb 16 23:08:22 qemu-vm sbkeysync[921]: Filesystem keystore:
Feb 16 23:08:22 qemu-vm sbkeysync[921]:   /usr/share/secureboot/updates/dbx/dbxupdate_arm64.bin [4610 bytes]
Feb 16 23:08:22 qemu-vm sbkeysync[921]: firmware keys:
Feb 16 23:08:22 qemu-vm sbkeysync[921]:   PK:
Feb 16 23:08:22 qemu-vm sbkeysync[921]:     /O=Turing Software, LLC/CN=UTM Virtual Machine Platform Key
Feb 16 23:08:22 qemu-vm sbkeysync[921]:   KEK:
Feb 16 23:08:22 qemu-vm sbkeysync[921]:     /C=US/ST=Washington/L=Redmond/O=Microsoft Corporation/CN=Microsoft Corporation KEK CA 2011
Feb 16 23:08:22 qemu-vm sbkeysync[921]:     /O=Turing Software, LLC/CN=UTM Virtual Machine Platform Key
Feb 16 23:08:22 qemu-vm sbkeysync[921]:   db:
Feb 16 23:08:22 qemu-vm sbkeysync[921]:     /C=US/ST=Washington/L=Redmond/O=Microsoft Corporation/CN=Microsoft Corporation UEFI CA 2011
Feb 16 23:08:22 qemu-vm sbkeysync[921]:     /C=US/ST=Washington/L=Redmond/O=Microsoft Corporation/CN=Microsoft Windows Production PCA 2011
Feb 16 23:08:22 qemu-vm sbkeysync[921]:   dbx:
Feb 16 23:08:22 qemu-vm sbkeysync[921]:     e3b0c44298fc1c149afbf4c8996fb92427ae41e4649b934ca495991b7852b855
Feb 16 23:08:22 qemu-vm sbkeysync[921]: filesystem keys:
Feb 16 23:08:22 qemu-vm sbkeysync[921]:   PK:
Feb 16 23:08:22 qemu-vm sbkeysync[921]:   KEK:
Feb 16 23:08:22 qemu-vm sbkeysync[921]:   db:
Feb 16 23:08:22 qemu-vm sbkeysync[921]:   dbx:
Feb 16 23:08:22 qemu-vm sbkeysync[921]:     ab311e737112e4d34abf545836bc671637663e93738cefa37405214ce8c92a58
Feb 16 23:08:22 qemu-vm sbkeysync[921]:      from /usr/share/secureboot/updates/dbx/dbxupdate_arm64.bin
Feb 16 23:08:22 qemu-vm sbkeysync[921]:     d465d63b0384f16a1610b0a86c5d73b36a33709828de8fe26dbac6dc6efa007d
Feb 16 23:08:22 qemu-vm sbkeysync[921]:      from /usr/share/secureboot/updates/dbx/dbxupdate_arm64.bin
Feb 16 23:08:22 qemu-vm sbkeysync[921]:     c0530badc4d066d5c4b8b955023e9efa7fb9337ecb7e1298e7cba172d8680485
Feb 16 23:08:22 qemu-vm sbkeysync[921]:      from /usr/share/secureboot/updates/dbx/dbxupdate_arm64.bin
Feb 16 23:08:22 qemu-vm sbkeysync[921]:     a1a59cc2784246ad693b1df151454642324e89c898566a59906891f48089ece9
Feb 16 23:08:22 qemu-vm sbkeysync[921]:      from /usr/share/secureboot/updates/dbx/dbxupdate_arm64.bin
Feb 16 23:08:22 qemu-vm sbkeysync[921]:     f4dc5a40d2a9dbdab210bae0c508e053ae986c4da42d68760a1655d6fbaec051
Feb 16 23:08:22 qemu-vm sbkeysync[921]:      from /usr/share/secureboot/updates/dbx/dbxupdate_arm64.bin
Feb 16 23:08:22 qemu-vm sbkeysync[921]:     b133de42a37376f5d91439af3d61d38201f10377c36dacd9c2610f52aa124a91
Feb 16 23:08:22 qemu-vm sbkeysync[921]:      from /usr/share/secureboot/updates/dbx/dbxupdate_arm64.bin
Feb 16 23:08:22 qemu-vm sbkeysync[921]:     3e828ef5e880fe62b33d36b78f2235f1a314153899ac80469597297b9a9dd22d
Feb 16 23:08:22 qemu-vm sbkeysync[921]:      from /usr/share/secureboot/updates/dbx/dbxupdate_arm64.bin
Feb 16 23:08:22 qemu-vm sbkeysync[921]:     a48b5e31477da248680a8935d1e5e630e6fde22277f9635da7d6f7f9aa17e34a
Feb 16 23:08:22 qemu-vm sbkeysync[921]:      from /usr/share/secureboot/updates/dbx/dbxupdate_arm64.bin
Feb 16 23:08:22 qemu-vm sbkeysync[921]:     339c2bcf0445baa7345a02cde505e172d24cc9cea29a92ebee3f3901693fd2c8
Feb 16 23:08:22 qemu-vm sbkeysync[921]:      from /usr/share/secureboot/updates/dbx/dbxupdate_arm64.bin
Feb 16 23:08:22 qemu-vm sbkeysync[921]:     62b79fb4a04052fcb498a97f22a3567642d4bc47d1c2ff9a06311c8c6148e907
Feb 16 23:08:22 qemu-vm sbkeysync[921]:      from /usr/share/secureboot/updates/dbx/dbxupdate_arm64.bin
Feb 16 23:08:22 qemu-vm sbkeysync[921]:     c83cb13922ad99f560744675dd37cc94dcad5a1fcba6472fee341171d939e884
Feb 16 23:08:22 qemu-vm sbkeysync[921]:      from /usr/share/secureboot/updates/dbx/dbxupdate_arm64.bin
Feb 16 23:08:22 qemu-vm sbkeysync[921]:     77dd190fa30d88ff5e3b011a0ae61e6209780c130b535ecb87e6f0888a0b6b2f
Feb 16 23:08:22 qemu-vm sbkeysync[921]:      from /usr/share/secureboot/updates/dbx/dbxupdate_arm64.bin
Feb 16 23:08:22 qemu-vm sbkeysync[921]:     ce3bfabe59d67ce8ac8dfd4a16f7c43ef9c224513fbc655957d735fa29f540ce
Feb 16 23:08:22 qemu-vm sbkeysync[921]:      from /usr/share/secureboot/updates/dbx/dbxupdate_arm64.bin
Feb 16 23:08:22 qemu-vm sbkeysync[921]:     cb6b858b40d3a098765815b592c1514a49604fafd60819da88d7a76e9778fef7
Feb 16 23:08:22 qemu-vm sbkeysync[921]:      from /usr/share/secureboot/updates/dbx/dbxupdate_arm64.bin
Feb 16 23:08:22 qemu-vm sbkeysync[921]:     bc87a668e81966489cb508ee805183c19e6acd24cf17799ca062d2e384da0ea7
Feb 16 23:08:22 qemu-vm sbkeysync[921]:      from /usr/share/secureboot/updates/dbx/dbxupdate_arm64.bin
Feb 16 23:08:22 qemu-vm sbkeysync[921]:     b8f078d983a24ac433216393883514cd932c33af18e7dd70884c8235f4275736
Feb 16 23:08:22 qemu-vm sbkeysync[921]:      from /usr/share/secureboot/updates/dbx/dbxupdate_arm64.bin
Feb 16 23:08:22 qemu-vm sbkeysync[921]:     afe2030afb7d2cda13f9fa333a02e34f6751afec11b010dbcd441fdf4c4002b3
Feb 16 23:08:22 qemu-vm sbkeysync[921]:      from /usr/share/secureboot/updates/dbx/dbxupdate_arm64.bin
Feb 16 23:08:22 qemu-vm sbkeysync[921]:     a6b5151f3655d3a2af0d472759796be4a4200e5495a7d869754c4848857408a7
Feb 16 23:08:22 qemu-vm sbkeysync[921]:      from /usr/share/secureboot/updates/dbx/dbxupdate_arm64.bin
Feb 16 23:08:22 qemu-vm sbkeysync[921]:     8bf434b49e00ccf71502a2cd900865cb01ec3b3da03c35be505fdf7bd563f521
Feb 16 23:08:22 qemu-vm sbkeysync[921]:      from /usr/share/secureboot/updates/dbx/dbxupdate_arm64.bin
Feb 16 23:08:22 qemu-vm sbkeysync[921]:     6c8854478dd559e29351b826c06cb8bfef2b94ad3538358772d193f82ed1ca11
Feb 16 23:08:22 qemu-vm sbkeysync[921]:      from /usr/share/secureboot/updates/dbx/dbxupdate_arm64.bin
Feb 16 23:08:22 qemu-vm sbkeysync[921]:     3608edbaf5ad0f41a414a1777abf2faf5e670334675ec3995e6935829e0caad2
Feb 16 23:08:22 qemu-vm sbkeysync[921]:      from /usr/share/secureboot/updates/dbx/dbxupdate_arm64.bin
Feb 16 23:08:22 qemu-vm sbkeysync[921]:     18333429ff0562ed9f97033e1148dceee52dbe2e496d5410b5cfd6c864d2d10f
Feb 16 23:08:22 qemu-vm sbkeysync[921]:      from /usr/share/secureboot/updates/dbx/dbxupdate_arm64.bin
Feb 16 23:08:22 qemu-vm sbkeysync[921]:     0dc9f3fb99962148c3ca833632758d3ed4fc8d0b0007b95b31e6528f2acd5bfc
Feb 16 23:08:22 qemu-vm sbkeysync[921]:      from /usr/share/secureboot/updates/dbx/dbxupdate_arm64.bin
Feb 16 23:08:22 qemu-vm sbkeysync[921]:     0d0dbeca6f29eca06f331a7d72e4884b12097fb348983a2a14a0d73f4f10140f
Feb 16 23:08:22 qemu-vm sbkeysync[921]:      from /usr/share/secureboot/updates/dbx/dbxupdate_arm64.bin
Feb 16 23:08:22 qemu-vm sbkeysync[921]:     09df5f4e511208ec78b96d12d08125fdb603868de39f6f72927852599b659c26
Feb 16 23:08:22 qemu-vm sbkeysync[921]:      from /usr/share/secureboot/updates/dbx/dbxupdate_arm64.bin
Feb 16 23:08:22 qemu-vm wpa_supplicant[913]: Successfully initialized wpa_supplicant
Feb 16 23:08:22 qemu-vm systemd[1]: secureboot-db.service: Deactivated successfully.
Feb 16 23:08:22 qemu-vm sbkeysync[921]:     075eea060589548ba060b2feed10da3c20c7fe9b17cd026b94e8a683b8115238
